    Finished `test` profile [unoptimized + debuginfo] target(s) in 0.10s
     Running tests/bonded_links_static_stress.rs (target/debug/deps/bonded_links_static_stress-9e79ded1478c0c62)

running 1 test
test test_bonded_links_static_stress ... ristdispatcher registered successfully
dynbitrate registered successfully
counter_sink registered successfully
encoder_stub registered successfully
riststats_mock registered successfully
0:00:00.135803053 92710 0x7f1fac308280 WARN                  udpsrc gstudpsrc.c:1638:gst_udpsrc_open:<rist_rtcp_udpsrc0> Disabling port reuse for dynamically allocated port to avoid potential conflicts
0:00:00.135912820 92710 0x7f1fac308280 WARN                  udpsrc gstudpsrc.c:1638:gst_udpsrc_open:<rist_rtcp_udpsrc1> Disabling port reuse for dynamically allocated port to avoid potential conflicts
0:00:00.136008942 92710 0x7f1fac308280 WARN                  udpsrc gstudpsrc.c:1638:gst_udpsrc_open:<rist_rtcp_udpsrc2> Disabling port reuse for dynamically allocated port to avoid potential conflicts
0:00:00.136102939 92710 0x7f1fac308280 WARN                  udpsrc gstudpsrc.c:1638:gst_udpsrc_open:<rist_rtcp_udpsrc3> Disabling port reuse for dynamically allocated port to avoid potential conflicts
set_mempolicy: Operation not permitted
set_mempolicy: Operation not permitted
set_mempolicy: Operation not permitted
set_mempolicy: Operation not permitted
set_mempolicy: Operation not permitted
set_mempolicy: Operation not permitted
set_mempolicy: Operation not permitted
set_mempolicy: Operation not permitted
set_mempolicy: Operation not permitted
set_mempolicy: Operation not permitted
set_mempolicy: Operation not permitted
set_mempolicy: Operation not permitted
set_mempolicy: Operation not permitted
set_mempolicy: Operation not permitted
set_mempolicy: Operation not permitted
set_mempolicy: Operation not permitted
set_mempolicy: Operation not permitted
set_mempolicy: Operation not permitted
set_mempolicy: Operation not permitted
set_mempolicy: Operation not permitted
set_mempolicy: Operation not permitted
set_mempolicy: Operation not permitted
set_mempolicy: Operation not permitted
set_mempolicy: Operation not permitted
set_mempolicy: Operation not permitted
set_mempolicy: Operation not permitted
set_mempolicy: Operation not permitted
set_mempolicy: Operation not permitted
set_mempolicy: Operation not permitted
set_mempolicy: Operation not permitted
set_mempolicy: Operation not permitted
set_mempolicy: Operation not permitted
set_mempolicy: Operation not permitted
set_mempolicy: Operation not permitted
0:00:00.171660940 92710 0x7f1fa4002370 WARN              rtpsession gstrtpsession.c:2499:gst_rtp_session_chain_send_rtp_common:<rtpsession2> Can't determine running time for this packet without knowing configured latency
0:00:00.171673934 92710 0x7f1fa4001f70 WARN              rtpsession gstrtpsession.c:2499:gst_rtp_session_chain_send_rtp_common:<rtpsession3> Can't determine running time for this packet without knowing configured latency
0:00:00.171666911 92710 0x7f1fa4002b70 WARN              rtpsession gstrtpsession.c:2499:gst_rtp_session_chain_send_rtp_common:<rtpsession0> Can't determine running time for this packet without knowing configured latency
0:00:00.171664877 92710 0x7f1fa4002770 WARN              rtpsession gstrtpsession.c:2499:gst_rtp_session_chain_send_rtp_common:<rtpsession1> Can't determine running time for this packet without knowing configured latency
0:00:00.203335042 92710 0x7f1fa4001970 WARN               rtpsource rtpsource.c:1381:update_receiver_stats: probation: seqnr 25868 != expected 25865 (SSRC 34 curr_probation 1 probation 2)
0:00:00.203348838 92710 0x7f1fa4001170 WARN               rtpsource rtpsource.c:1381:update_receiver_stats: probation: seqnr 25866 != expected 25863 (SSRC 34 curr_probation 1 probation 2)
0:00:00.203351764 92710 0x7f1fa4001570 WARN               rtpsource rtpsource.c:1381:update_receiver_stats: probation: seqnr 25867 != expected 25864 (SSRC 34 curr_probation 1 probation 2)
0:00:00.203370269 92710 0x7f1fa4001970 WARN               rtpsource rtpsource.c:1381:update_receiver_stats: probation: seqnr 25872 != expected 25869 (SSRC 34 curr_probation 2 probation 2)
0:00:00.203384195 92710 0x7f1fa4001570 WARN               rtpsource rtpsource.c:1381:update_receiver_stats: probation: seqnr 25871 != expected 25868 (SSRC 34 curr_probation 2 probation 2)
0:00:00.203389244 92710 0x7f1fa4001170 WARN               rtpsource rtpsource.c:1381:update_receiver_stats: probation: seqnr 25870 != expected 25867 (SSRC 34 curr_probation 2 probation 2)
0:00:00.203390777 92710 0x7f1fa4001970 WARN               rtpsource rtpsource.c:1381:update_receiver_stats: probation: seqnr 25876 != expected 25873 (SSRC 34 curr_probation 2 probation 2)
0:00:00.203402259 92710 0x7f1fa4001570 WARN               rtpsource rtpsource.c:1381:update_receiver_stats: probation: seqnr 25875 != expected 25872 (SSRC 34 curr_probation 2 probation 2)
0:00:00.203412669 92710 0x7f1fa4001570 WARN               rtpsource rtpsource.c:1381:update_receiver_stats: probation: seqnr 25879 != expected 25876 (SSRC 34 curr_probation 2 probation 2)
0:00:00.203418590 92710 0x7f1fa4001170 WARN               rtpsource rtpsource.c:1381:update_receiver_stats: probation: seqnr 25874 != expected 25871 (SSRC 34 curr_probation 2 probation 2)
0:00:00.203415584 92710 0x7f1fa4001970 WARN               rtpsource rtpsource.c:1381:update_receiver_stats: probation: seqnr 25880 != expected 25877 (SSRC 34 curr_probation 2 probation 2)
0:00:00.203440842 92710 0x7f1fa4001170 WARN               rtpsource rtpsource.c:1381:update_receiver_stats: probation: seqnr 25878 != expected 25875 (SSRC 34 curr_probation 2 probation 2)
0:00:00.203445621 92710 0x7f1fa4001570 WARN               rtpsource rtpsource.c:1381:update_receiver_stats: probation: seqnr 25883 != expected 25880 (SSRC 34 curr_probation 2 probation 2)
0:00:00.203455059 92710 0x7f1fa4001970 WARN               rtpsource rtpsource.c:1381:update_receiver_stats: probation: seqnr 25884 != expected 25881 (SSRC 34 curr_probation 2 probation 2)
0:00:00.203465809 92710 0x7f1fa4001170 WARN               rtpsource rtpsource.c:1381:update_receiver_stats: probation: seqnr 25882 != expected 25879 (SSRC 34 curr_probation 2 probation 2)
0:00:00.203475126 92710 0x7f1fa4001970 WARN               rtpsource rtpsource.c:1381:update_receiver_stats: probation: seqnr 25888 != expected 25885 (SSRC 34 curr_probation 2 probation 2)
0:00:00.203468704 92710 0x7f1fa4001570 WARN               rtpsource rtpsource.c:1381:update_receiver_stats: probation: seqnr 25887 != expected 25884 (SSRC 34 curr_probation 2 probation 2)
0:00:00.203489173 92710 0x7f1fa4001970 WARN               rtpsource rtpsource.c:1381:update_receiver_stats: probation: seqnr 25892 != expected 25889 (SSRC 34 curr_probation 2 probation 2)
0:00:00.203502298 92710 0x7f1fa4001570 WARN               rtpsource rtpsource.c:1381:update_receiver_stats: probation: seqnr 25891 != expected 25888 (SSRC 34 curr_probation 2 probation 2)
0:00:00.203505975 92710 0x7f1fa4001170 WARN               rtpsource rtpsource.c:1381:update_receiver_stats: probation: seqnr 25886 != expected 25883 (SSRC 34 curr_probation 2 probation 2)
0:00:00.203510874 92710 0x7f1fa4001970 WARN               rtpsource rtpsource.c:1381:update_receiver_stats: probation: seqnr 25896 != expected 25893 (SSRC 34 curr_probation 2 probation 2)
0:00:00.203517276 92710 0x7f1fa4001570 WARN               rtpsource rtpsource.c:1381:update_receiver_stats: probation: seqnr 25895 != expected 25892 (SSRC 34 curr_probation 2 probation 2)
0:00:00.203524570 92710 0x7f1fa4001170 WARN               rtpsource rtpsource.c:1381:update_receiver_stats: probation: seqnr 25890 != expected 25887 (SSRC 34 curr_probation 2 probation 2)
0:00:00.203540370 92710 0x7f1fa4001570 WARN               rtpsource rtpsource.c:1381:update_receiver_stats: probation: seqnr 25899 != expected 25896 (SSRC 34 curr_probation 2 probation 2)
0:00:00.203532805 92710 0x7f1fa4001970 WARN               rtpsource rtpsource.c:1381:update_receiver_stats: probation: seqnr 25900 != expected 25897 (SSRC 34 curr_probation 2 probation 2)
0:00:00.203554626 92710 0x7f1fa4001570 WARN               rtpsource rtpsource.c:1381:update_receiver_stats: probation: seqnr 25903 != expected 25900 (SSRC 34 curr_probation 2 probation 2)
0:00:00.203558534 92710 0x7f1fa4001170 WARN               rtpsource rtpsource.c:1381:update_receiver_stats: probation: seqnr 25894 != expected 25891 (SSRC 34 curr_probation 2 probation 2)
0:00:00.203562311 92710 0x7f1fa4001970 WARN               rtpsource rtpsource.c:1381:update_receiver_stats: probation: seqnr 25904 != expected 25901 (SSRC 34 curr_probation 2 probation 2)
0:00:00.203569474 92710 0x7f1fa4001170 WARN               rtpsource rtpsource.c:1381:update_receiver_stats: probation: seqnr 25898 != expected 25895 (SSRC 34 curr_probation 2 probation 2)
0:00:00.203578141 92710 0x7f1fa4001170 WARN               rtpsource rtpsource.c:1381:update_receiver_stats: probation: seqnr 25902 != expected 25899 (SSRC 34 curr_probation 2 probation 2)
0:00:00.236489057 92710 0x7f1fa4001170 WARN               rtpsource rtpsource.c:1381:update_receiver_stats: probation: seqnr 25906 != expected 25903 (SSRC 34 curr_probation 2 probation 2)
0:00:00.236489418 92710 0x7f1fa4001970 WARN               rtpsource rtpsource.c:1381:update_receiver_stats: probation: seqnr 25908 != expected 25905 (SSRC 34 curr_probation 2 probation 2)
0:00:00.236489077 92710 0x7f1fa4001570 WARN               rtpsource rtpsource.c:1381:update_receiver_stats: probation: seqnr 25907 != expected 25904 (SSRC 34 curr_probation 2 probation 2)
0:00:00.236576312 92710 0x7f1fa4001170 WARN               rtpsource rtpsource.c:1381:update_receiver_stats: probation: seqnr 25910 != expected 25907 (SSRC 34 curr_probation 2 probation 2)
0:00:00.236577945 92710 0x7f1fa4001970 WARN               rtpsource rtpsource.c:1381:update_receiver_stats: probation: seqnr 25912 != expected 25909 (SSRC 34 curr_probation 2 probation 2)
0:00:00.236594676 92710 0x7f1fa4001170 WARN               rtpsource rtpsource.c:1381:update_receiver_stats: probation: seqnr 25914 != expected 25911 (SSRC 34 curr_probation 2 probation 2)
0:00:00.236599385 92710 0x7f1fa4001570 WARN               rtpsource rtpsource.c:1381:update_receiver_stats: probation: seqnr 25911 != expected 25908 (SSRC 34 curr_probation 2 probation 2)
0:00:00.236605156 92710 0x7f1fa4001970 WARN               rtpsource rtpsource.c:1381:update_receiver_stats: probation: seqnr 25916 != expected 25913 (SSRC 34 curr_probation 2 probation 2)
0:00:00.236605367 92710 0x7f1fa4001170 WARN               rtpsource rtpsource.c:1381:update_receiver_stats: probation: seqnr 25918 != expected 25915 (SSRC 34 curr_probation 2 probation 2)
0:00:00.236620685 92710 0x7f1fa4001970 WARN               rtpsource rtpsource.c:1381:update_receiver_stats: probation: seqnr 25920 != expected 25917 (SSRC 34 curr_probation 2 probation 2)
0:00:00.236621918 92710 0x7f1fa4001570 WARN               rtpsource rtpsource.c:1381:update_receiver_stats: probation: seqnr 25915 != expected 25912 (SSRC 34 curr_probation 2 probation 2)
0:00:00.236648608 92710 0x7f1fa4001970 WARN               rtpsource rtpsource.c:1381:update_receiver_stats: probation: seqnr 25924 != expected 25921 (SSRC 34 curr_probation 2 probation 2)
0:00:00.236650021 92710 0x7f1fa4001570 WARN               rtpsource rtpsource.c:1381:update_receiver_stats: probation: seqnr 25919 != expected 25916 (SSRC 34 curr_probation 2 probation 2)
0:00:00.236665420 92710 0x7f1fa4001970 WARN               rtpsource rtpsource.c:1381:update_receiver_stats: probation: seqnr 25928 != expected 25925 (SSRC 34 curr_probation 2 probation 2)
0:00:00.236665971 92710 0x7f1fa4001170 WARN               rtpsource rtpsource.c:1381:update_receiver_stats: probation: seqnr 25922 != expected 25919 (SSRC 34 curr_probation 2 probation 2)
0:00:00.236687321 92710 0x7f1fa4001970 WARN               rtpsource rtpsource.c:1381:update_receiver_stats: probation: seqnr 25932 != expected 25929 (SSRC 34 curr_probation 2 probation 2)
0:00:00.236693122 92710 0x7f1fa4001570 WARN               rtpsource rtpsource.c:1381:update_receiver_stats: probation: seqnr 25923 != expected 25920 (SSRC 34 curr_probation 2 probation 2)
0:00:00.236699184 92710 0x7f1fa4001970 WARN               rtpsource rtpsource.c:1381:update_receiver_stats: probation: seqnr 25936 != expected 25933 (SSRC 34 curr_probation 2 probation 2)
0:00:00.236697120 92710 0x7f1fa4001170 WARN               rtpsource rtpsource.c:1381:update_receiver_stats: probation: seqnr 25926 != expected 25923 (SSRC 34 curr_probation 2 probation 2)
0:00:00.236709172 92710 0x7f1fa4001970 WARN               rtpsource rtpsource.c:1381:update_receiver_stats: probation: seqnr 25940 != expected 25937 (SSRC 34 curr_probation 2 probation 2)
0:00:00.236712128 92710 0x7f1fa4001570 WARN               rtpsource rtpsource.c:1381:update_receiver_stats: probation: seqnr 25927 != expected 25924 (SSRC 34 curr_probation 2 probation 2)
0:00:00.236715875 92710 0x7f1fa4001170 WARN               rtpsource rtpsource.c:1381:update_receiver_stats: probation: seqnr 25930 != expected 25927 (SSRC 34 curr_probation 2 probation 2)
0:00:00.236722658 92710 0x7f1fa4001570 WARN               rtpsource rtpsource.c:1381:update_receiver_stats: probation: seqnr 25931 != expected 25928 (SSRC 34 curr_probation 2 probation 2)
0:00:00.236726445 92710 0x7f1fa4001170 WARN               rtpsource rtpsource.c:1381:update_receiver_stats: probation: seqnr 25934 != expected 25931 (SSRC 34 curr_probation 2 probation 2)
0:00:00.236732466 92710 0x7f1fa4001570 WARN               rtpsource rtpsource.c:1381:update_receiver_stats: probation: seqnr 25935 != expected 25932 (SSRC 34 curr_probation 2 probation 2)
0:00:00.236738969 92710 0x7f1fa4001170 WARN               rtpsource rtpsource.c:1381:update_receiver_stats: probation: seqnr 25938 != expected 25935 (SSRC 34 curr_probation 2 probation 2)
0:00:00.236744639 92710 0x7f1fa4001570 WARN               rtpsource rtpsource.c:1381:update_receiver_stats: probation: seqnr 25939 != expected 25936 (SSRC 34 curr_probation 2 probation 2)
0:00:00.269820046 92710 0x7f1fa4001170 WARN               rtpsource rtpsource.c:1381:update_receiver_stats: probation: seqnr 25943 != expected 25939 (SSRC 34 curr_probation 2 probation 2)
0:00:00.269820196 92710 0x7f1fa4001570 WARN               rtpsource rtpsource.c:1381:update_receiver_stats: probation: seqnr 25944 != expected 25940 (SSRC 34 curr_probation 2 probation 2)
0:00:00.269820226 92710 0x7f1fa4001970 WARN               rtpsource rtpsource.c:1381:update_receiver_stats: probation: seqnr 25945 != expected 25941 (SSRC 34 curr_probation 2 probation 2)
0:00:00.269851004 92710 0x7f1fa4001170 WARN               rtpsource rtpsource.c:1381:update_receiver_stats: probation: seqnr 25947 != expected 25944 (SSRC 34 curr_probation 2 probation 2)
0:00:00.269860322 92710 0x7f1fa4001570 WARN               rtpsource rtpsource.c:1381:update_receiver_stats: probation: seqnr 25948 != expected 25945 (SSRC 34 curr_probation 2 probation 2)
0:00:00.269877554 92710 0x7f1fa4001170 WARN               rtpsource rtpsource.c:1381:update_receiver_stats: probation: seqnr 25951 != expected 25948 (SSRC 34 curr_probation 2 probation 2)
0:00:00.269882193 92710 0x7f1fa4001970 WARN               rtpsource rtpsource.c:1381:update_receiver_stats: probation: seqnr 25949 != expected 25946 (SSRC 34 curr_probation 2 probation 2)
0:00:00.269884337 92710 0x7f1fa4001570 WARN               rtpsource rtpsource.c:1381:update_receiver_stats: probation: seqnr 25952 != expected 25949 (SSRC 34 curr_probation 2 probation 2)
0:00:00.269890539 92710 0x7f1fa4001170 WARN               rtpsource rtpsource.c:1381:update_receiver_stats: probation: seqnr 25955 != expected 25952 (SSRC 34 curr_probation 2 probation 2)
0:00:00.269906028 92710 0x7f1fa4001570 WARN               rtpsource rtpsource.c:1381:update_receiver_stats: probation: seqnr 25956 != expected 25953 (SSRC 34 curr_probation 2 probation 2)
0:00:00.269899456 92710 0x7f1fa4001970 WARN               rtpsource rtpsource.c:1381:update_receiver_stats: probation: seqnr 25953 != expected 25950 (SSRC 34 curr_probation 2 probation 2)
0:00:00.269921477 92710 0x7f1fa4001570 WARN               rtpsource rtpsource.c:1381:update_receiver_stats: probation: seqnr 25960 != expected 25957 (SSRC 34 curr_probation 2 probation 2)
0:00:00.269919303 92710 0x7f1fa4001170 WARN               rtpsource rtpsource.c:1381:update_receiver_stats: probation: seqnr 25959 != expected 25956 (SSRC 34 curr_probation 2 probation 2)
0:00:00.269932658 92710 0x7f1fa4001570 WARN               rtpsource rtpsource.c:1381:update_receiver_stats: probation: seqnr 25964 != expected 25961 (SSRC 34 curr_probation 2 probation 2)
0:00:00.269935554 92710 0x7f1fa4001970 WARN               rtpsource rtpsource.c:1381:update_receiver_stats: probation: seqnr 25957 != expected 25954 (SSRC 34 curr_probation 2 probation 2)
0:00:00.269937367 92710 0x7f1fa4001170 WARN               rtpsource rtpsource.c:1381:update_receiver_stats: probation: seqnr 25963 != expected 25960 (SSRC 34 curr_probation 2 probation 2)
0:00:00.269949861 92710 0x7f1fa4001970 WARN               rtpsource rtpsource.c:1381:update_receiver_stats: probation: seqnr 25961 != expected 25958 (SSRC 34 curr_probation 2 probation 2)
0:00:00.269957415 92710 0x7f1fa4001170 WARN               rtpsource rtpsource.c:1381:update_receiver_stats: probation: seqnr 25967 != expected 25964 (SSRC 34 curr_probation 2 probation 2)
0:00:00.269960120 92710 0x7f1fa4001970 WARN               rtpsource rtpsource.c:1381:update_receiver_stats: probation: seqnr 25965 != expected 25962 (SSRC 34 curr_probation 2 probation 2)
0:00:00.303158660 92710 0x7f1fa4001570 WARN               rtpsource rtpsource.c:1381:update_receiver_stats: probation: seqnr 25969 != expected 25965 (SSRC 34 curr_probation 2 probation 2)
0:00:00.303158730 92710 0x7f1fa4001970 WARN               rtpsource rtpsource.c:1381:update_receiver_stats: probation: seqnr 25970 != expected 25966 (SSRC 34 curr_probation 2 probation 2)
0:00:00.303158850 92710 0x7f1fa4001170 WARN               rtpsource rtpsource.c:1381:update_receiver_stats: probation: seqnr 25972 != expected 25968 (SSRC 34 curr_probation 2 probation 2)
0:00:00.303187484 92710 0x7f1fa4001570 WARN               rtpsource rtpsource.c:1381:update_receiver_stats: probation: seqnr 25973 != expected 25970 (SSRC 34 curr_probation 2 probation 2)
0:00:00.303201791 92710 0x7f1fa4001970 WARN               rtpsource rtpsource.c:1381:update_receiver_stats: probation: seqnr 25974 != expected 25971 (SSRC 34 curr_probation 2 probation 2)
0:00:00.303217281 92710 0x7f1fa4001570 WARN               rtpsource rtpsource.c:1381:update_receiver_stats: probation: seqnr 25977 != expected 25974 (SSRC 34 curr_probation 2 probation 2)
0:00:00.303212752 92710 0x7f1fa4001170 WARN               rtpsource rtpsource.c:1381:update_receiver_stats: probation: seqnr 25976 != expected 25973 (SSRC 34 curr_probation 2 probation 2)
0:00:00.303230756 92710 0x7f1fa4001570 WARN               rtpsource rtpsource.c:1381:update_receiver_stats: probation: seqnr 25981 != expected 25978 (SSRC 34 curr_probation 2 probation 2)
0:00:00.303226929 92710 0x7f1fa4001970 WARN               rtpsource rtpsource.c:1381:update_receiver_stats: probation: seqnr 25978 != expected 25975 (SSRC 34 curr_probation 2 probation 2)
0:00:00.303250974 92710 0x7f1fa4001170 WARN               rtpsource rtpsource.c:1381:update_receiver_stats: probation: seqnr 25980 != expected 25977 (SSRC 34 curr_probation 2 probation 2)
0:00:00.336474530 92710 0x7f1fa4001570 WARN               rtpsource rtpsource.c:1381:update_receiver_stats: probation: seqnr 25987 != expected 25982 (SSRC 34 curr_probation 2 probation 2)
0:00:00.336474560 92710 0x7f1fa4001970 WARN               rtpsource rtpsource.c:1381:update_receiver_stats: probation: seqnr 25983 != expected 25979 (SSRC 34 curr_probation 2 probation 2)
0:00:00.336477356 92710 0x7f1fa4001170 WARN               rtpsource rtpsource.c:1381:update_receiver_stats: probation: seqnr 25986 != expected 25981 (SSRC 34 curr_probation 2 probation 2)
0:00:00.336518774 92710 0x7f1fa4001970 WARN               rtpsource rtpsource.c:1381:update_receiver_stats: probation: seqnr 25988 != expected 25985 (SSRC 34 curr_probation 1 probation 2)
0:00:00.369815367 92710 0x7f1fa4001170 WARN               rtpsource rtpsource.c:1381:update_receiver_stats: probation: seqnr 25990 != expected 25987 (SSRC 34 curr_probation 2 probation 2)
0:00:00.369815427 92710 0x7f1fa4001570 WARN               rtpsource rtpsource.c:1381:update_receiver_stats: probation: seqnr 25991 != expected 25988 (SSRC 34 curr_probation 2 probation 2)
0:00:00.369815407 92710 0x7f1fa4001970 WARN               rtpsource rtpsource.c:1381:update_receiver_stats: probation: seqnr 25995 != expected 25989 (SSRC 34 curr_probation 2 probation 2)
0:00:00.369844693 92710 0x7f1fa4001170 WARN               rtpsource rtpsource.c:1381:update_receiver_stats: probation: seqnr 25993 != expected 25991 (SSRC 34 curr_probation 2 probation 2)
0:00:00.369854591 92710 0x7f1fa4001570 WARN               rtpsource rtpsource.c:1381:update_receiver_stats: probation: seqnr 25994 != expected 25992 (SSRC 34 curr_probation 2 probation 2)
0:00:00.403150744 92710 0x7f1fa4001970 WARN               rtpsource rtpsource.c:1381:update_receiver_stats: probation: seqnr 26000 != expected 25996 (SSRC 34 curr_probation 2 probation 2)
0:00:00.403150554 92710 0x7f1fa4001570 WARN               rtpsource rtpsource.c:1381:update_receiver_stats: probation: seqnr 25999 != expected 25995 (SSRC 34 curr_probation 2 probation 2)
0:00:00.403154942 92710 0x7f1fa4001170 WARN               rtpsource rtpsource.c:1381:update_receiver_stats: probation: seqnr 25998 != expected 25994 (SSRC 34 curr_probation 2 probation 2)
0:00:00.403179849 92710 0x7f1fa4001970 WARN               rtpsource rtpsource.c:1381:update_receiver_stats: probation: seqnr 26004 != expected 26001 (SSRC 34 curr_probation 2 probation 2)
0:00:00.403190710 92710 0x7f1fa4001570 WARN               rtpsource rtpsource.c:1381:update_receiver_stats: probation: seqnr 26003 != expected 26000 (SSRC 34 curr_probation 2 probation 2)
0:00:00.403194617 92710 0x7f1fa4001170 WARN               rtpsource rtpsource.c:1381:update_receiver_stats: probation: seqnr 26002 != expected 25999 (SSRC 34 curr_probation 2 probation 2)
0:00:00.436488867 92710 0x7f1fa4001970 WARN               rtpsource rtpsource.c:1381:update_receiver_stats: probation: seqnr 26009 != expected 26005 (SSRC 34 curr_probation 2 probation 2)
0:00:00.436488877 92710 0x7f1fa4001570 WARN               rtpsource rtpsource.c:1381:update_receiver_stats: probation: seqnr 26008 != expected 26004 (SSRC 34 curr_probation 2 probation 2)
0:00:00.436488947 92710 0x7f1fa4001170 WARN               rtpsource rtpsource.c:1381:update_receiver_stats: probation: seqnr 26007 != expected 26003 (SSRC 34 curr_probation 2 probation 2)
0:00:00.436528351 92710 0x7f1fa4001570 WARN               rtpsource rtpsource.c:1381:update_receiver_stats: probation: seqnr 26012 != expected 26009 (SSRC 34 curr_probation 2 probation 2)
0:00:00.436539672 92710 0x7f1fa4001170 WARN               rtpsource rtpsource.c:1381:update_receiver_stats: probation: seqnr 26011 != expected 26008 (SSRC 34 curr_probation 2 probation 2)
0:00:00.469819595 92710 0x7f1fa4001970 WARN               rtpsource rtpsource.c:1381:update_receiver_stats: probation: seqnr 26013 != expected 26010 (SSRC 34 curr_probation 2 probation 2)
0:00:00.469819635 92710 0x7f1fa4001170 WARN               rtpsource rtpsource.c:1381:update_receiver_stats: probation: seqnr 26016 != expected 26012 (SSRC 34 curr_probation 2 probation 2)
0:00:00.469819735 92710 0x7f1fa4001570 WARN               rtpsource rtpsource.c:1381:update_receiver_stats: probation: seqnr 26014 != expected 26013 (SSRC 34 curr_probation 2 probation 2)
0:00:00.469853359 92710 0x7f1fa4001970 WARN               rtpsource rtpsource.c:1381:update_receiver_stats: probation: seqnr 26017 != expected 26014 (SSRC 34 curr_probation 2 probation 2)
0:00:00.469865411 92710 0x7f1fa4001570 WARN               rtpsource rtpsource.c:1381:update_receiver_stats: probation: seqnr 26018 != expected 26015 (SSRC 34 curr_probation 2 probation 2)
0:00:00.503157387 92710 0x7f1fa4001170 WARN               rtpsource rtpsource.c:1381:update_receiver_stats: probation: seqnr 26020 != expected 26017 (SSRC 34 curr_probation 2 probation 2)
0:00:00.503157437 92710 0x7f1fa4001570 WARN               rtpsource rtpsource.c:1381:update_receiver_stats: probation: seqnr 26023 != expected 26019 (SSRC 34 curr_probation 2 probation 2)
0:00:00.503157587 92710 0x7f1fa4001970 WARN               rtpsource rtpsource.c:1381:update_receiver_stats: probation: seqnr 26021 != expected 26018 (SSRC 34 curr_probation 2 probation 2)
0:00:00.503187383 92710 0x7f1fa4001170 WARN               rtpsource rtpsource.c:1381:update_receiver_stats: probation: seqnr 26024 != expected 26021 (SSRC 34 curr_probation 2 probation 2)
0:00:00.503196881 92710 0x7f1fa4001570 WARN               rtpsource rtpsource.c:1381:update_receiver_stats: probation: seqnr 26027 != expected 26024 (SSRC 34 curr_probation 2 probation 2)
0:00:00.503203333 92710 0x7f1fa4001970 WARN               rtpsource rtpsource.c:1381:update_receiver_stats: probation: seqnr 26025 != expected 26022 (SSRC 34 curr_probation 2 probation 2)
0:00:00.503198344 92710 0x7f1fa4001170 WARN               rtpsource rtpsource.c:1381:update_receiver_stats: probation: seqnr 26028 != expected 26025 (SSRC 34 curr_probation 2 probation 2)
0:00:00.536464070 92710 0x7f1fa4001570 WARN               rtpsource rtpsource.c:1381:update_receiver_stats: probation: seqnr 26031 != expected 26028 (SSRC 34 curr_probation 2 probation 2)
0:00:00.536464400 92710 0x7f1fa4001970 WARN               rtpsource rtpsource.c:1381:update_receiver_stats: probation: seqnr 26029 != expected 26026 (SSRC 34 curr_probation 2 probation 2)
0:00:00.536467957 92710 0x7f1fa4001170 WARN               rtpsource rtpsource.c:1381:update_receiver_stats: probation: seqnr 26032 != expected 26029 (SSRC 34 curr_probation 2 probation 0)
0:00:00.536500428 92710 0x7f1fa4001970 WARN               rtpsource rtpsource.c:1381:update_receiver_stats: probation: seqnr 26033 != expected 26030 (SSRC 34 curr_probation 2 probation 2)
0:00:00.569800348 92710 0x7f1fa4001970 WARN               rtpsource rtpsource.c:1381:update_receiver_stats: probation: seqnr 26038 != expected 26034 (SSRC 34 curr_probation 2 probation 2)
0:00:00.569802382 92710 0x7f1fa4001570 WARN               rtpsource rtpsource.c:1381:update_receiver_stats: probation: seqnr 26036 != expected 26032 (SSRC 34 curr_probation 2 probation 2)
0:00:00.569824373 92710 0x7f1fa4001970 WARN               rtpsource rtpsource.c:1381:update_receiver_stats: probation: seqnr 26042 != expected 26039 (SSRC 34 curr_probation 2 probation 2)
0:00:00.569835204 92710 0x7f1fa4001570 WARN               rtpsource rtpsource.c:1381:update_receiver_stats: probation: seqnr 26040 != expected 26037 (SSRC 34 curr_probation 2 probation 2)
0:00:00.569849270 92710 0x7f1fa4001570 WARN               rtpsource rtpsource.c:1381:update_receiver_stats: probation: seqnr 26044 != expected 26041 (SSRC 34 curr_probation 2 probation 2)
0:00:00.603126298 92710 0x7f1fa4001570 WARN               rtpsource rtpsource.c:1381:update_receiver_stats: probation: seqnr 26046 != expected 26045 (SSRC 34 curr_probation 2 probation 2)
0:00:00.603151756 92710 0x7f1fa4001570 WARN               rtpsource rtpsource.c:1381:update_receiver_stats: probation: seqnr 26050 != expected 26047 (SSRC 34 curr_probation 2 probation 2)
0:00:00.603166614 92710 0x7f1fa4001970 WARN               rtpsource rtpsource.c:1381:update_receiver_stats: probation: seqnr 26047 != expected 26043 (SSRC 34 curr_probation 2 probation 2)
0:00:00.636483867 92710 0x7f1fa4001570 WARN               rtpsource rtpsource.c:1381:update_receiver_stats: probation: seqnr 26055 != expected 26051 (SSRC 34 curr_probation 2 probation 2)
0:00:00.636496832 92710 0x7f1fa4001970 WARN               rtpsource rtpsource.c:1381:update_receiver_stats: probation: seqnr 26052 != expected 26048 (SSRC 34 curr_probation 2 probation 2)
0:00:00.636511960 92710 0x7f1fa4001570 WARN               rtpsource rtpsource.c:1381:update_receiver_stats: probation: seqnr 26059 != expected 26056 (SSRC 34 curr_probation 2 probation 2)
0:00:00.636516759 92710 0x7f1fa4001970 WARN               rtpsource rtpsource.c:1381:update_receiver_stats: probation: seqnr 26056 != expected 26053 (SSRC 34 curr_probation 2 probation 2)
ristsink0: rist/x-sender-stats, sent-original-packets=(guint64)206, sent-retransmitted-packets=(guint64)41, session-stats=(GValueArray)< "rist/x-sender-session-stats\,\ session-id\=\(int\)0\,\ sent-original-packets\=\(guint64\)58\,\ sent-retransmitted-packets\=\(guint64\)0\,\ round-trip-time\=\(guint64\)0\;", "rist/x-sender-session-stats\,\ session-id\=\(int\)1\,\ sent-original-packets\=\(guint64\)50\,\ sent-retransmitted-packets\=\(guint64\)41\,\ round-trip-time\=\(guint64\)0\;", "rist/x-sender-session-stats\,\ session-id\=\(int\)2\,\ sent-original-packets\=\(guint64\)50\,\ sent-retransmitted-packets\=\(guint64\)0\,\ round-trip-time\=\(guint64\)0\;", "rist/x-sender-session-stats\,\ session-id\=\(int\)3\,\ sent-original-packets\=\(guint64\)48\,\ sent-retransmitted-packets\=\(guint64\)0\,\ round-trip-time\=\(guint64\)0\;" >;
0:00:00.669821508 92710 0x7f1fa4001570 WARN               rtpsource rtpsource.c:1381:update_receiver_stats: probation: seqnr 26064 != expected 26060 (SSRC 34 curr_probation 2 probation 2)
0:00:00.669821498 92710 0x7f1fa4001970 WARN               rtpsource rtpsource.c:1381:update_receiver_stats: probation: seqnr 26061 != expected 26057 (SSRC 34 curr_probation 2 probation 2)
0:00:00.669856575 92710 0x7f1fa4001970 WARN               rtpsource rtpsource.c:1381:update_receiver_stats: probation: seqnr 26065 != expected 26062 (SSRC 34 curr_probation 2 probation 2)
0:00:00.703159400 92710 0x7f1fa4001570 WARN               rtpsource rtpsource.c:1381:update_receiver_stats: probation: seqnr 26069 != expected 26065 (SSRC 34 curr_probation 2 probation 2)
0:00:00.703159360 92710 0x7f1fa4001970 WARN               rtpsource rtpsource.c:1381:update_receiver_stats: probation: seqnr 26070 != expected 26066 (SSRC 34 curr_probation 2 probation 2)
0:00:00.703190429 92710 0x7f1fa4001570 WARN               rtpsource rtpsource.c:1381:update_receiver_stats: probation: seqnr 26071 != expected 26070 (SSRC 34 curr_probation 2 probation 2)
0:00:00.703196871 92710 0x7f1fa4001970 WARN               rtpsource rtpsource.c:1381:update_receiver_stats: probation: seqnr 26074 != expected 26071 (SSRC 34 curr_probation 2 probation 2)
0:00:00.703204776 92710 0x7f1fa4001570 WARN               rtpsource rtpsource.c:1381:update_receiver_stats: probation: seqnr 26075 != expected 26072 (SSRC 34 curr_probation 2 probation 2)
0:00:00.736477034 92710 0x7f1fa4001970 WARN               rtpsource rtpsource.c:1381:update_receiver_stats: probation: seqnr 26078 != expected 26075 (SSRC 34 curr_probation 2 probation 2)
0:00:00.736477074 92710 0x7f1fa4001570 WARN               rtpsource rtpsource.c:1381:update_receiver_stats: probation: seqnr 26081 != expected 26076 (SSRC 34 curr_probation 2 probation 2)
0:00:00.736504025 92710 0x7f1fa4001970 WARN               rtpsource rtpsource.c:1381:update_receiver_stats: probation: seqnr 26082 != expected 26079 (SSRC 34 curr_probation 2 probation 2)
0:00:00.769809295 92710 0x7f1fa4001970 WARN               rtpsource rtpsource.c:1381:update_receiver_stats: probation: seqnr 26087 != expected 26083 (SSRC 34 curr_probation 2 probation 2)
0:00:00.769822700 92710 0x7f1fa4001570 WARN               rtpsource rtpsource.c:1381:update_receiver_stats: probation: seqnr 26086 != expected 26082 (SSRC 34 curr_probation 2 probation 2)
0:00:00.769837758 92710 0x7f1fa4001970 WARN               rtpsource rtpsource.c:1381:update_receiver_stats: probation: seqnr 26091 != expected 26088 (SSRC 34 curr_probation 2 probation 2)
0:00:00.769842648 92710 0x7f1fa4001570 WARN               rtpsource rtpsource.c:1381:update_receiver_stats: probation: seqnr 26090 != expected 26087 (SSRC 34 curr_probation 2 probation 2)
0:00:00.803157355 92710 0x7f1fa4001570 WARN               rtpsource rtpsource.c:1381:update_receiver_stats: probation: seqnr 26094 != expected 26091 (SSRC 34 curr_probation 2 probation 2)
0:00:00.803156584 92710 0x7f1fa4001970 WARN               rtpsource rtpsource.c:1381:update_receiver_stats: probation: seqnr 26095 != expected 26092 (SSRC 34 curr_probation 2 probation 2)
0:00:00.803186841 92710 0x7f1fa4001570 WARN               rtpsource rtpsource.c:1381:update_receiver_stats: probation: seqnr 26098 != expected 26095 (SSRC 34 curr_probation 2 probation 2)
0:00:00.836461574 92710 0x7f1fa4001970 WARN               rtpsource rtpsource.c:1381:update_receiver_stats: probation: seqnr 26100 != expected 26096 (SSRC 34 curr_probation 2 probation 2)
0:00:00.836464670 92710 0x7f1fa4001570 WARN               rtpsource rtpsource.c:1381:update_receiver_stats: probation: seqnr 26103 != expected 26099 (SSRC 34 curr_probation 2 probation 2)
0:00:00.836483846 92710 0x7f1fa4001970 WARN               rtpsource rtpsource.c:1381:update_receiver_stats: probation: seqnr 26104 != expected 26101 (SSRC 34 curr_probation 2 probation 2)
0:00:00.869832338 92710 0x7f1fa4001570 WARN               rtpsource rtpsource.c:1381:update_receiver_stats: probation: seqnr 26107 != expected 26104 (SSRC 34 curr_probation 2 probation 2)
0:00:00.869832278 92710 0x7f1fa4001970 WARN               rtpsource rtpsource.c:1381:update_receiver_stats: probation: seqnr 26108 != expected 26105 (SSRC 34 curr_probation 2 probation 2)
0:00:00.869863567 92710 0x7f1fa4001570 WARN               rtpsource rtpsource.c:1381:update_receiver_stats: probation: seqnr 26111 != expected 26108 (SSRC 34 curr_probation 2 probation 2)
0:00:00.869869518 92710 0x7f1fa4001970 WARN               rtpsource rtpsource.c:1381:update_receiver_stats: probation: seqnr 26112 != expected 26109 (SSRC 34 curr_probation 2 probation 2)
0:00:00.869878896 92710 0x7f1fa4001570 WARN               rtpsource rtpsource.c:1381:update_receiver_stats: probation: seqnr 26115 != expected 26112 (SSRC 34 curr_probation 2 probation 2)
0:00:00.903147467 92710 0x7f1fa4001970 WARN               rtpsource rtpsource.c:1381:update_receiver_stats: probation: seqnr 26116 != expected 26113 (SSRC 34 curr_probation 2 probation 2)
0:00:00.903150112 92710 0x7f1fa4001570 WARN               rtpsource rtpsource.c:1381:update_receiver_stats: probation: seqnr 26119 != expected 26116 (SSRC 34 curr_probation 2 probation 0)
0:00:00.903173656 92710 0x7f1fa4001970 WARN               rtpsource rtpsource.c:1381:update_receiver_stats: probation: seqnr 26120 != expected 26117 (SSRC 34 curr_probation 2 probation 2)
0:00:00.936468607 92710 0x7f1fa4001970 WARN               rtpsource rtpsource.c:1381:update_receiver_stats: probation: seqnr 26125 != expected 26121 (SSRC 34 curr_probation 2 probation 0)
ristsink0: rist/x-sender-stats, sent-original-packets=(guint64)325, sent-retransmitted-packets=(guint64)81, session-stats=(GValueArray)< "rist/x-sender-session-stats\,\ session-id\=\(int\)0\,\ sent-original-packets\=\(guint64\)93\,\ sent-retransmitted-packets\=\(guint64\)2\,\ round-trip-time\=\(guint64\)0\;", "rist/x-sender-session-stats\,\ session-id\=\(int\)1\,\ sent-original-packets\=\(guint64\)79\,\ sent-retransmitted-packets\=\(guint64\)41\,\ round-trip-time\=\(guint64\)0\;", "rist/x-sender-session-stats\,\ session-id\=\(int\)2\,\ sent-original-packets\=\(guint64\)77\,\ sent-retransmitted-packets\=\(guint64\)23\,\ round-trip-time\=\(guint64\)0\;", "rist/x-sender-session-stats\,\ session-id\=\(int\)3\,\ sent-original-packets\=\(guint64\)76\,\ sent-retransmitted-packets\=\(guint64\)15\,\ round-trip-time\=\(guint64\)0\;" >;
ristsink0: rist/x-sender-stats, sent-original-packets=(guint64)444, sent-retransmitted-packets=(guint64)82, session-stats=(GValueArray)< "rist/x-sender-session-stats\,\ session-id\=\(int\)0\,\ sent-original-packets\=\(guint64\)124\,\ sent-retransmitted-packets\=\(guint64\)2\,\ round-trip-time\=\(guint64\)0\;", "rist/x-sender-session-stats\,\ session-id\=\(int\)1\,\ sent-original-packets\=\(guint64\)110\,\ sent-retransmitted-packets\=\(guint64\)41\,\ round-trip-time\=\(guint64\)0\;", "rist/x-sender-session-stats\,\ session-id\=\(int\)2\,\ sent-original-packets\=\(guint64\)106\,\ sent-retransmitted-packets\=\(guint64\)24\,\ round-trip-time\=\(guint64\)0\;", "rist/x-sender-session-stats\,\ session-id\=\(int\)3\,\ sent-original-packets\=\(guint64\)104\,\ sent-retransmitted-packets\=\(guint64\)15\,\ round-trip-time\=\(guint64\)0\;" >;
ristsink0: rist/x-sender-stats, sent-original-packets=(guint64)563, sent-retransmitted-packets=(guint64)86, session-stats=(GValueArray)< "rist/x-sender-session-stats\,\ session-id\=\(int\)0\,\ sent-original-packets\=\(guint64\)157\,\ sent-retransmitted-packets\=\(guint64\)2\,\ round-trip-time\=\(guint64\)0\;", "rist/x-sender-session-stats\,\ session-id\=\(int\)1\,\ sent-original-packets\=\(guint64\)141\,\ sent-retransmitted-packets\=\(guint64\)41\,\ round-trip-time\=\(guint64\)0\;", "rist/x-sender-session-stats\,\ session-id\=\(int\)2\,\ sent-original-packets\=\(guint64\)134\,\ sent-retransmitted-packets\=\(guint64\)28\,\ round-trip-time\=\(guint64\)0\;", "rist/x-sender-session-stats\,\ session-id\=\(int\)3\,\ sent-original-packets\=\(guint64\)131\,\ sent-retransmitted-packets\=\(guint64\)15\,\ round-trip-time\=\(guint64\)0\;" >;
ristsink0: rist/x-sender-stats, sent-original-packets=(guint64)678, sent-retransmitted-packets=(guint64)86, session-stats=(GValueArray)< "rist/x-sender-session-stats\,\ session-id\=\(int\)0\,\ sent-original-packets\=\(guint64\)188\,\ sent-retransmitted-packets\=\(guint64\)2\,\ round-trip-time\=\(guint64\)335693\;", "rist/x-sender-session-stats\,\ session-id\=\(int\)1\,\ sent-original-packets\=\(guint64\)171\,\ sent-retransmitted-packets\=\(guint64\)41\,\ round-trip-time\=\(guint64\)0\;", "rist/x-sender-session-stats\,\ session-id\=\(int\)2\,\ sent-original-packets\=\(guint64\)161\,\ sent-retransmitted-packets\=\(guint64\)28\,\ round-trip-time\=\(guint64\)0\;", "rist/x-sender-session-stats\,\ session-id\=\(int\)3\,\ sent-original-packets\=\(guint64\)158\,\ sent-retransmitted-packets\=\(guint64\)15\,\ round-trip-time\=\(guint64\)0\;" >;
weights update: [0.25, 0.25, 0.25, 0.25]
ristsink0: rist/x-sender-stats, sent-original-packets=(guint64)785, sent-retransmitted-packets=(guint64)88, session-stats=(GValueArray)< "rist/x-sender-session-stats\,\ session-id\=\(int\)0\,\ sent-original-packets\=\(guint64\)218\,\ sent-retransmitted-packets\=\(guint64\)3\,\ round-trip-time\=\(guint64\)183105\;", "rist/x-sender-session-stats\,\ session-id\=\(int\)1\,\ sent-original-packets\=\(guint64\)200\,\ sent-retransmitted-packets\=\(guint64\)42\,\ round-trip-time\=\(guint64\)152587\;", "rist/x-sender-session-stats\,\ session-id\=\(int\)2\,\ sent-original-packets\=\(guint64\)185\,\ sent-retransmitted-packets\=\(guint64\)28\,\ round-trip-time\=\(guint64\)0\;", "rist/x-sender-session-stats\,\ session-id\=\(int\)3\,\ sent-original-packets\=\(guint64\)182\,\ sent-retransmitted-packets\=\(guint64\)15\,\ round-trip-time\=\(guint64\)0\;" >;
weights update: [0.24359223300970875, 0.2692233009708738, 0.24359223300970875, 0.24359223300970875]
ristsink0: rist/x-sender-stats, sent-original-packets=(guint64)908, sent-retransmitted-packets=(guint64)90, session-stats=(GValueArray)< "rist/x-sender-session-stats\,\ session-id\=\(int\)0\,\ sent-original-packets\=\(guint64\)250\,\ sent-retransmitted-packets\=\(guint64\)3\,\ round-trip-time\=\(guint64\)183105\;", "rist/x-sender-session-stats\,\ session-id\=\(int\)1\,\ sent-original-packets\=\(guint64\)233\,\ sent-retransmitted-packets\=\(guint64\)43\,\ round-trip-time\=\(guint64\)213623\;", "rist/x-sender-session-stats\,\ session-id\=\(int\)2\,\ sent-original-packets\=\(guint64\)214\,\ sent-retransmitted-packets\=\(guint64\)28\,\ round-trip-time\=\(guint64\)244140\;", "rist/x-sender-session-stats\,\ session-id\=\(int\)3\,\ sent-original-packets\=\(guint64\)211\,\ sent-retransmitted-packets\=\(guint64\)16\,\ round-trip-time\=\(guint64\)198364\;" >;
weights update: [0.26984071151422623, 0.26975160997094194, 0.2295993781479299, 0.230808300366902]
ristsink0: rist/x-sender-stats, sent-original-packets=(guint64)1033, sent-retransmitted-packets=(guint64)91, session-stats=(GValueArray)< "rist/x-sender-session-stats\,\ session-id\=\(int\)0\,\ sent-original-packets\=\(guint64\)285\,\ sent-retransmitted-packets\=\(guint64\)3\,\ round-trip-time\=\(guint64\)167846\;", "rist/x-sender-session-stats\,\ session-id\=\(int\)1\,\ sent-original-packets\=\(guint64\)266\,\ sent-retransmitted-packets\=\(guint64\)44\,\ round-trip-time\=\(guint64\)167846\;", "rist/x-sender-session-stats\,\ session-id\=\(int\)2\,\ sent-original-packets\=\(guint64\)244\,\ sent-retransmitted-packets\=\(guint64\)28\,\ round-trip-time\=\(guint64\)167846\;", "rist/x-sender-session-stats\,\ session-id\=\(int\)3\,\ sent-original-packets\=\(guint64\)238\,\ sent-retransmitted-packets\=\(guint64\)16\,\ round-trip-time\=\(guint64\)259399\;" >;
weights update: [0.2719981747790718, 0.24498958283184924, 0.25459985759053994, 0.22841238479853895]
ristsink0: rist/x-sender-stats, sent-original-packets=(guint64)1158, sent-retransmitted-packets=(guint64)92, session-stats=(GValueArray)< "rist/x-sender-session-stats\,\ session-id\=\(int\)0\,\ sent-original-packets\=\(guint64\)320\,\ sent-retransmitted-packets\=\(guint64\)3\,\ round-trip-time\=\(guint64\)152587\;", "rist/x-sender-session-stats\,\ session-id\=\(int\)1\,\ sent-original-packets\=\(guint64\)297\,\ sent-retransmitted-packets\=\(guint64\)44\,\ round-trip-time\=\(guint64\)152587\;", "rist/x-sender-session-stats\,\ session-id\=\(int\)2\,\ sent-original-packets\=\(guint64\)276\,\ sent-retransmitted-packets\=\(guint64\)28\,\ round-trip-time\=\(guint64\)152587\;", "rist/x-sender-session-stats\,\ session-id\=\(int\)3\,\ sent-original-packets\=\(guint64\)265\,\ sent-retransmitted-packets\=\(guint64\)17\,\ round-trip-time\=\(guint64\)152587\;" >;
ristsink0: rist/x-sender-stats, sent-original-packets=(guint64)1283, sent-retransmitted-packets=(guint64)96, session-stats=(GValueArray)< "rist/x-sender-session-stats\,\ session-id\=\(int\)0\,\ sent-original-packets\=\(guint64\)356\,\ sent-retransmitted-packets\=\(guint64\)4\,\ round-trip-time\=\(guint64\)137329\;", "rist/x-sender-session-stats\,\ session-id\=\(int\)1\,\ sent-original-packets\=\(guint64\)328\,\ sent-retransmitted-packets\=\(guint64\)44\,\ round-trip-time\=\(guint64\)152587\;", "rist/x-sender-session-stats\,\ session-id\=\(int\)2\,\ sent-original-packets\=\(guint64\)307\,\ sent-retransmitted-packets\=\(guint64\)30\,\ round-trip-time\=\(guint64\)152587\;", "rist/x-sender-session-stats\,\ session-id\=\(int\)3\,\ sent-original-packets\=\(guint64\)292\,\ sent-retransmitted-packets\=\(guint64\)18\,\ round-trip-time\=\(guint64\)137329\;" >;
weights update: [0.27384296477525505, 0.2467157575664888, 0.2344452462349621, 0.24499603142329407]
ristsink0: rist/x-sender-stats, sent-original-packets=(guint64)1406, sent-retransmitted-packets=(guint64)96, session-stats=(GValueArray)< "rist/x-sender-session-stats\,\ session-id\=\(int\)0\,\ sent-original-packets\=\(guint64\)391\,\ sent-retransmitted-packets\=\(guint64\)4\,\ round-trip-time\=\(guint64\)167846\;", "rist/x-sender-session-stats\,\ session-id\=\(int\)1\,\ sent-original-packets\=\(guint64\)360\,\ sent-retransmitted-packets\=\(guint64\)44\,\ round-trip-time\=\(guint64\)137329\;", "rist/x-sender-session-stats\,\ session-id\=\(int\)2\,\ sent-original-packets\=\(guint64\)335\,\ sent-retransmitted-packets\=\(guint64\)30\,\ round-trip-time\=\(guint64\)137329\;", "rist/x-sender-session-stats\,\ session-id\=\(int\)3\,\ sent-original-packets\=\(guint64\)320\,\ sent-retransmitted-packets\=\(guint64\)18\,\ round-trip-time\=\(guint64\)122070\;" >;
ristsink0: rist/x-sender-stats, sent-original-packets=(guint64)1531, sent-retransmitted-packets=(guint64)98, session-stats=(GValueArray)< "rist/x-sender-session-stats\,\ session-id\=\(int\)0\,\ sent-original-packets\=\(guint64\)427\,\ sent-retransmitted-packets\=\(guint64\)5\,\ round-trip-time\=\(guint64\)122070\;", "rist/x-sender-session-stats\,\ session-id\=\(int\)1\,\ sent-original-packets\=\(guint64\)391\,\ sent-retransmitted-packets\=\(guint64\)45\,\ round-trip-time\=\(guint64\)137329\;", "rist/x-sender-session-stats\,\ session-id\=\(int\)2\,\ sent-original-packets\=\(guint64\)364\,\ sent-retransmitted-packets\=\(guint64\)30\,\ round-trip-time\=\(guint64\)152587\;", "rist/x-sender-session-stats\,\ session-id\=\(int\)3\,\ sent-original-packets\=\(guint64\)349\,\ sent-retransmitted-packets\=\(guint64\)18\,\ round-trip-time\=\(guint64\)137329\;" >;
weights update: [0.3015977062555885, 0.24405542273687403, 0.23095758754287735, 0.22338928346466008]
ristsink0: rist/x-sender-stats, sent-original-packets=(guint64)1656, sent-retransmitted-packets=(guint64)99, session-stats=(GValueArray)< "rist/x-sender-session-stats\,\ session-id\=\(int\)0\,\ sent-original-packets\=\(guint64\)465\,\ sent-retransmitted-packets\=\(guint64\)5\,\ round-trip-time\=\(guint64\)122070\;", "rist/x-sender-session-stats\,\ session-id\=\(int\)1\,\ sent-original-packets\=\(guint64\)424\,\ sent-retransmitted-packets\=\(guint64\)45\,\ round-trip-time\=\(guint64\)106811\;", "rist/x-sender-session-stats\,\ session-id\=\(int\)2\,\ sent-original-packets\=\(guint64\)392\,\ sent-retransmitted-packets\=\(guint64\)31\,\ round-trip-time\=\(guint64\)228881\;", "rist/x-sender-session-stats\,\ session-id\=\(int\)3\,\ sent-original-packets\=\(guint64\)375\,\ sent-retransmitted-packets\=\(guint64\)18\,\ round-trip-time\=\(guint64\)137329\;" >;
ristsink0: rist/x-sender-stats, sent-original-packets=(guint64)1779, sent-retransmitted-packets=(guint64)101, session-stats=(GValueArray)< "rist/x-sender-session-stats\,\ session-id\=\(int\)0\,\ sent-original-packets\=\(guint64\)505\,\ sent-retransmitted-packets\=\(guint64\)6\,\ round-trip-time\=\(guint64\)137329\;", "rist/x-sender-session-stats\,\ session-id\=\(int\)1\,\ sent-original-packets\=\(guint64\)454\,\ sent-retransmitted-packets\=\(guint64\)45\,\ round-trip-time\=\(guint64\)137329\;", "rist/x-sender-session-stats\,\ session-id\=\(int\)2\,\ sent-original-packets\=\(guint64\)418\,\ sent-retransmitted-packets\=\(guint64\)32\,\ round-trip-time\=\(guint64\)167846\;", "rist/x-sender-session-stats\,\ session-id\=\(int\)3\,\ sent-original-packets\=\(guint64\)402\,\ sent-retransmitted-packets\=\(guint64\)18\,\ round-trip-time\=\(guint64\)137329\;" >;
weights update: [0.2836964875563536, 0.27468926410878886, 0.22117171031558733, 0.2204425380192702]
ristsink0: rist/x-sender-stats, sent-original-packets=(guint64)1906, sent-retransmitted-packets=(guint64)101, session-stats=(GValueArray)< "rist/x-sender-session-stats\,\ session-id\=\(int\)0\,\ sent-original-packets\=\(guint64\)543\,\ sent-retransmitted-packets\=\(guint64\)6\,\ round-trip-time\=\(guint64\)122070\;", "rist/x-sender-session-stats\,\ session-id\=\(int\)1\,\ sent-original-packets\=\(guint64\)490\,\ sent-retransmitted-packets\=\(guint64\)45\,\ round-trip-time\=\(guint64\)183105\;", "rist/x-sender-session-stats\,\ session-id\=\(int\)2\,\ sent-original-packets\=\(guint64\)445\,\ sent-retransmitted-packets\=\(guint64\)32\,\ round-trip-time\=\(guint64\)152587\;", "rist/x-sender-session-stats\,\ session-id\=\(int\)3\,\ sent-original-packets\=\(guint64\)428\,\ sent-retransmitted-packets\=\(guint64\)18\,\ round-trip-time\=\(guint64\)198364\;" >;
ristsink0: rist/x-sender-stats, sent-original-packets=(guint64)2029, sent-retransmitted-packets=(guint64)104, session-stats=(GValueArray)< "rist/x-sender-session-stats\,\ session-id\=\(int\)0\,\ sent-original-packets\=\(guint64\)579\,\ sent-retransmitted-packets\=\(guint64\)8\,\ round-trip-time\=\(guint64\)152587\;", "rist/x-sender-session-stats\,\ session-id\=\(int\)1\,\ sent-original-packets\=\(guint64\)523\,\ sent-retransmitted-packets\=\(guint64\)46\,\ round-trip-time\=\(guint64\)137329\;", "rist/x-sender-session-stats\,\ session-id\=\(int\)2\,\ sent-original-packets\=\(guint64\)473\,\ sent-retransmitted-packets\=\(guint64\)32\,\ round-trip-time\=\(guint64\)137329\;", "rist/x-sender-session-stats\,\ session-id\=\(int\)3\,\ sent-original-packets\=\(guint64\)454\,\ sent-retransmitted-packets\=\(guint64\)18\,\ round-trip-time\=\(guint64\)152587\;" >;
weights update: [0.2801673655969127, 0.2552863679223191, 0.24587148260918637, 0.21867478387158185]
ristsink0: rist/x-sender-stats, sent-original-packets=(guint64)2171, sent-retransmitted-packets=(guint64)105, session-stats=(GValueArray)< "rist/x-sender-session-stats\,\ session-id\=\(int\)0\,\ sent-original-packets\=\(guint64\)621\,\ sent-retransmitted-packets\=\(guint64\)8\,\ round-trip-time\=\(guint64\)152587\;", "rist/x-sender-session-stats\,\ session-id\=\(int\)1\,\ sent-original-packets\=\(guint64\)560\,\ sent-retransmitted-packets\=\(guint64\)46\,\ round-trip-time\=\(guint64\)122070\;", "rist/x-sender-session-stats\,\ session-id\=\(int\)2\,\ sent-original-packets\=\(guint64\)506\,\ sent-retransmitted-packets\=\(guint64\)33\,\ round-trip-time\=\(guint64\)122070\;", "rist/x-sender-session-stats\,\ session-id\=\(int\)3\,\ sent-original-packets\=\(guint64\)484\,\ sent-retransmitted-packets\=\(guint64\)18\,\ round-trip-time\=\(guint64\)122070\;" >;
ristsink0: rist/x-sender-stats, sent-original-packets=(guint64)2306, sent-retransmitted-packets=(guint64)108, session-stats=(GValueArray)< "rist/x-sender-session-stats\,\ session-id\=\(int\)0\,\ sent-original-packets\=\(guint64\)662\,\ sent-retransmitted-packets\=\(guint64\)9\,\ round-trip-time\=\(guint64\)137329\;", "rist/x-sender-session-stats\,\ session-id\=\(int\)1\,\ sent-original-packets\=\(guint64\)594\,\ sent-retransmitted-packets\=\(guint64\)47\,\ round-trip-time\=\(guint64\)167846\;", "rist/x-sender-session-stats\,\ session-id\=\(int\)2\,\ sent-original-packets\=\(guint64\)538\,\ sent-retransmitted-packets\=\(guint64\)34\,\ round-trip-time\=\(guint64\)122070\;", "rist/x-sender-session-stats\,\ session-id\=\(int\)3\,\ sent-original-packets\=\(guint64\)512\,\ sent-retransmitted-packets\=\(guint64\)18\,\ round-trip-time\=\(guint64\)152587\;" >;
weights update: [0.2833341153605298, 0.2518248802701099, 0.22661901958641104, 0.2382219847829493]
ristsink0: rist/x-sender-stats, sent-original-packets=(guint64)2441, sent-retransmitted-packets=(guint64)108, session-stats=(GValueArray)< "rist/x-sender-session-stats\,\ session-id\=\(int\)0\,\ sent-original-packets\=\(guint64\)703\,\ sent-retransmitted-packets\=\(guint64\)9\,\ round-trip-time\=\(guint64\)122070\;", "rist/x-sender-session-stats\,\ session-id\=\(int\)1\,\ sent-original-packets\=\(guint64\)627\,\ sent-retransmitted-packets\=\(guint64\)47\,\ round-trip-time\=\(guint64\)152587\;", "rist/x-sender-session-stats\,\ session-id\=\(int\)2\,\ sent-original-packets\=\(guint64\)569\,\ sent-retransmitted-packets\=\(guint64\)34\,\ round-trip-time\=\(guint64\)183105\;", "rist/x-sender-session-stats\,\ session-id\=\(int\)3\,\ sent-original-packets\=\(guint64\)542\,\ sent-retransmitted-packets\=\(guint64\)18\,\ round-trip-time\=\(guint64\)137329\;" >;
ristsink0: rist/x-sender-stats, sent-original-packets=(guint64)2564, sent-retransmitted-packets=(guint64)109, session-stats=(GValueArray)< "rist/x-sender-session-stats\,\ session-id\=\(int\)0\,\ sent-original-packets\=\(guint64\)741\,\ sent-retransmitted-packets\=\(guint64\)9\,\ round-trip-time\=\(guint64\)137329\;", "rist/x-sender-session-stats\,\ session-id\=\(int\)1\,\ sent-original-packets\=\(guint64\)657\,\ sent-retransmitted-packets\=\(guint64\)47\,\ round-trip-time\=\(guint64\)137329\;", "rist/x-sender-session-stats\,\ session-id\=\(int\)2\,\ sent-original-packets\=\(guint64\)597\,\ sent-retransmitted-packets\=\(guint64\)35\,\ round-trip-time\=\(guint64\)122070\;", "rist/x-sender-session-stats\,\ session-id\=\(int\)3\,\ sent-original-packets\=\(guint64\)569\,\ sent-retransmitted-packets\=\(guint64\)18\,\ round-trip-time\=\(guint64\)137329\;" >;
weights update: [0.3196247544825985, 0.24297600872608116, 0.2204688501152178, 0.21693038667610257]
ristsink0: rist/x-sender-stats, sent-original-packets=(guint64)2681, sent-retransmitted-packets=(guint64)115, session-stats=(GValueArray)< "rist/x-sender-session-stats\,\ session-id\=\(int\)0\,\ sent-original-packets\=\(guint64\)781\,\ sent-retransmitted-packets\=\(guint64\)10\,\ round-trip-time\=\(guint64\)152587\;", "rist/x-sender-session-stats\,\ session-id\=\(int\)1\,\ sent-original-packets\=\(guint64\)686\,\ sent-retransmitted-packets\=\(guint64\)51\,\ round-trip-time\=\(guint64\)122070\;", "rist/x-sender-session-stats\,\ session-id\=\(int\)2\,\ sent-original-packets\=\(guint64\)621\,\ sent-retransmitted-packets\=\(guint64\)35\,\ round-trip-time\=\(guint64\)106811\;", "rist/x-sender-session-stats\,\ session-id\=\(int\)3\,\ sent-original-packets\=\(guint64\)593\,\ sent-retransmitted-packets\=\(guint64\)19\,\ round-trip-time\=\(guint64\)137329\;" >;
weights update: [0.33192009605062583, 0.23717070773926585, 0.21996721229464583, 0.21094198391546265]
ristsink0: rist/x-sender-stats, sent-original-packets=(guint64)2786, sent-retransmitted-packets=(guint64)118, session-stats=(GValueArray)< "rist/x-sender-session-stats\,\ session-id\=\(int\)0\,\ sent-original-packets\=\(guint64\)818\,\ sent-retransmitted-packets\=\(guint64\)11\,\ round-trip-time\=\(guint64\)183105\;", "rist/x-sender-session-stats\,\ session-id\=\(int\)1\,\ sent-original-packets\=\(guint64\)712\,\ sent-retransmitted-packets\=\(guint64\)53\,\ round-trip-time\=\(guint64\)137329\;", "rist/x-sender-session-stats\,\ session-id\=\(int\)2\,\ sent-original-packets\=\(guint64\)643\,\ sent-retransmitted-packets\=\(guint64\)35\,\ round-trip-time\=\(guint64\)152587\;", "rist/x-sender-session-stats\,\ session-id\=\(int\)3\,\ sent-original-packets\=\(guint64\)613\,\ sent-retransmitted-packets\=\(guint64\)19\,\ round-trip-time\=\(guint64\)137329\;" >;
weights update: [0.30864482810386223, 0.2607977905455513, 0.21919535694233133, 0.21136202440825513]
ristsink0: rist/x-sender-stats, sent-original-packets=(guint64)2905, sent-retransmitted-packets=(guint64)120, session-stats=(GValueArray)< "rist/x-sender-session-stats\,\ session-id\=\(int\)0\,\ sent-original-packets\=\(guint64\)858\,\ sent-retransmitted-packets\=\(guint64\)11\,\ round-trip-time\=\(guint64\)152587\;", "rist/x-sender-session-stats\,\ session-id\=\(int\)1\,\ sent-original-packets\=\(guint64\)743\,\ sent-retransmitted-packets\=\(guint64\)55\,\ round-trip-time\=\(guint64\)122070\;", "rist/x-sender-session-stats\,\ session-id\=\(int\)2\,\ sent-original-packets\=\(guint64\)667\,\ sent-retransmitted-packets\=\(guint64\)35\,\ round-trip-time\=\(guint64\)137329\;", "rist/x-sender-session-stats\,\ session-id\=\(int\)3\,\ sent-original-packets\=\(guint64\)637\,\ sent-retransmitted-packets\=\(guint64\)19\,\ round-trip-time\=\(guint64\)122070\;" >;
ristsink0: rist/x-sender-stats, sent-original-packets=(guint64)3030, sent-retransmitted-packets=(guint64)128, session-stats=(GValueArray)< "rist/x-sender-session-stats\,\ session-id\=\(int\)0\,\ sent-original-packets\=\(guint64\)899\,\ sent-retransmitted-packets\=\(guint64\)14\,\ round-trip-time\=\(guint64\)152587\;", "rist/x-sender-session-stats\,\ session-id\=\(int\)1\,\ sent-original-packets\=\(guint64\)775\,\ sent-retransmitted-packets\=\(guint64\)57\,\ round-trip-time\=\(guint64\)152587\;", "rist/x-sender-session-stats\,\ session-id\=\(int\)2\,\ sent-original-packets\=\(guint64\)694\,\ sent-retransmitted-packets\=\(guint64\)36\,\ round-trip-time\=\(guint64\)152587\;", "rist/x-sender-session-stats\,\ session-id\=\(int\)3\,\ sent-original-packets\=\(guint64\)662\,\ sent-retransmitted-packets\=\(guint64\)21\,\ round-trip-time\=\(guint64\)259399\;" >;
weights update: [0.3096594872450276, 0.24062188061045944, 0.24212599766482057, 0.2075926344796925]
ristsink0: rist/x-sender-stats, sent-original-packets=(guint64)3155, sent-retransmitted-packets=(guint64)131, session-stats=(GValueArray)< "rist/x-sender-session-stats\,\ session-id\=\(int\)0\,\ sent-original-packets\=\(guint64\)941\,\ sent-retransmitted-packets\=\(guint64\)16\,\ round-trip-time\=\(guint64\)137329\;", "rist/x-sender-session-stats\,\ session-id\=\(int\)1\,\ sent-original-packets\=\(guint64\)805\,\ sent-retransmitted-packets\=\(guint64\)57\,\ round-trip-time\=\(guint64\)152587\;", "rist/x-sender-session-stats\,\ session-id\=\(int\)2\,\ sent-original-packets\=\(guint64\)723\,\ sent-retransmitted-packets\=\(guint64\)37\,\ round-trip-time\=\(guint64\)228881\;", "rist/x-sender-session-stats\,\ session-id\=\(int\)3\,\ sent-original-packets\=\(guint64\)686\,\ sent-retransmitted-packets\=\(guint64\)21\,\ round-trip-time\=\(guint64\)167846\;" >;
ristsink0: rist/x-sender-stats, sent-original-packets=(guint64)3280, sent-retransmitted-packets=(guint64)137, session-stats=(GValueArray)< "rist/x-sender-session-stats\,\ session-id\=\(int\)0\,\ sent-original-packets\=\(guint64\)981\,\ sent-retransmitted-packets\=\(guint64\)17\,\ round-trip-time\=\(guint64\)137329\;", "rist/x-sender-session-stats\,\ session-id\=\(int\)1\,\ sent-original-packets\=\(guint64\)835\,\ sent-retransmitted-packets\=\(guint64\)58\,\ round-trip-time\=\(guint64\)137329\;", "rist/x-sender-session-stats\,\ session-id\=\(int\)2\,\ sent-original-packets\=\(guint64\)753\,\ sent-retransmitted-packets\=\(guint64\)41\,\ round-trip-time\=\(guint64\)122070\;", "rist/x-sender-session-stats\,\ session-id\=\(int\)3\,\ sent-original-packets\=\(guint64\)711\,\ sent-retransmitted-packets\=\(guint64\)21\,\ round-trip-time\=\(guint64\)152587\;" >;
weights update: [0.3123272091560599, 0.24043404830104265, 0.21767406840278936, 0.22956467414010823]
ristsink0: rist/x-sender-stats, sent-original-packets=(guint64)3405, sent-retransmitted-packets=(guint64)141, session-stats=(GValueArray)< "rist/x-sender-session-stats\,\ session-id\=\(int\)0\,\ sent-original-packets\=\(guint64\)1022\,\ sent-retransmitted-packets\=\(guint64\)20\,\ round-trip-time\=\(guint64\)106811\;", "rist/x-sender-session-stats\,\ session-id\=\(int\)1\,\ sent-original-packets\=\(guint64\)867\,\ sent-retransmitted-packets\=\(guint64\)58\,\ round-trip-time\=\(guint64\)137329\;", "rist/x-sender-session-stats\,\ session-id\=\(int\)2\,\ sent-original-packets\=\(guint64\)779\,\ sent-retransmitted-packets\=\(guint64\)42\,\ round-trip-time\=\(guint64\)137329\;", "rist/x-sender-session-stats\,\ session-id\=\(int\)3\,\ sent-original-packets\=\(guint64\)737\,\ sent-retransmitted-packets\=\(guint64\)21\,\ round-trip-time\=\(guint64\)122070\;" >;
ristsink0: rist/x-sender-stats, sent-original-packets=(guint64)3530, sent-retransmitted-packets=(guint64)145, session-stats=(GValueArray)< "rist/x-sender-session-stats\,\ session-id\=\(int\)0\,\ sent-original-packets\=\(guint64\)1064\,\ sent-retransmitted-packets\=\(guint64\)22\,\ round-trip-time\=\(guint64\)152587\;", "rist/x-sender-session-stats\,\ session-id\=\(int\)1\,\ sent-original-packets\=\(guint64\)897\,\ sent-retransmitted-packets\=\(guint64\)59\,\ round-trip-time\=\(guint64\)152587\;", "rist/x-sender-session-stats\,\ session-id\=\(int\)2\,\ sent-original-packets\=\(guint64\)805\,\ sent-retransmitted-packets\=\(guint64\)43\,\ round-trip-time\=\(guint64\)152587\;", "rist/x-sender-session-stats\,\ session-id\=\(int\)3\,\ sent-original-packets\=\(guint64\)764\,\ sent-retransmitted-packets\=\(guint64\)21\,\ round-trip-time\=\(guint64\)106811\;" >;
weights update: [0.33782401789162747, 0.24047833748827124, 0.20948264878403056, 0.2122149958360708]
ristsink0: rist/x-sender-stats, sent-original-packets=(guint64)3655, sent-retransmitted-packets=(guint64)152, session-stats=(GValueArray)< "rist/x-sender-session-stats\,\ session-id\=\(int\)0\,\ sent-original-packets\=\(guint64\)1105\,\ sent-retransmitted-packets\=\(guint64\)28\,\ round-trip-time\=\(guint64\)122070\;", "rist/x-sender-session-stats\,\ session-id\=\(int\)1\,\ sent-original-packets\=\(guint64\)929\,\ sent-retransmitted-packets\=\(guint64\)59\,\ round-trip-time\=\(guint64\)152587\;", "rist/x-sender-session-stats\,\ session-id\=\(int\)2\,\ sent-original-packets\=\(guint64\)831\,\ sent-retransmitted-packets\=\(guint64\)43\,\ round-trip-time\=\(guint64\)152587\;", "rist/x-sender-session-stats\,\ session-id\=\(int\)3\,\ sent-original-packets\=\(guint64\)790\,\ sent-retransmitted-packets\=\(guint64\)22\,\ round-trip-time\=\(guint64\)137329\;" >;
ristsink0: rist/x-sender-stats, sent-original-packets=(guint64)3778, sent-retransmitted-packets=(guint64)159, session-stats=(GValueArray)< "rist/x-sender-session-stats\,\ session-id\=\(int\)0\,\ sent-original-packets\=\(guint64\)1149\,\ sent-retransmitted-packets\=\(guint64\)34\,\ round-trip-time\=\(guint64\)137329\;", "rist/x-sender-session-stats\,\ session-id\=\(int\)1\,\ sent-original-packets\=\(guint64\)959\,\ sent-retransmitted-packets\=\(guint64\)59\,\ round-trip-time\=\(guint64\)213623\;", "rist/x-sender-session-stats\,\ session-id\=\(int\)2\,\ sent-original-packets\=\(guint64\)856\,\ sent-retransmitted-packets\=\(guint64\)43\,\ round-trip-time\=\(guint64\)228881\;", "rist/x-sender-session-stats\,\ session-id\=\(int\)3\,\ sent-original-packets\=\(guint64\)814\,\ sent-retransmitted-packets\=\(guint64\)23\,\ round-trip-time\=\(guint64\)137329\;" >;
weights update: [0.30104681931104055, 0.2757711753716138, 0.214486484658708, 0.2086955206586376]
ristsink0: rist/x-sender-stats, sent-original-packets=(guint64)3903, sent-retransmitted-packets=(guint64)160, session-stats=(GValueArray)< "rist/x-sender-session-stats\,\ session-id\=\(int\)0\,\ sent-original-packets\=\(guint64\)1191\,\ sent-retransmitted-packets\=\(guint64\)34\,\ round-trip-time\=\(guint64\)152587\;", "rist/x-sender-session-stats\,\ session-id\=\(int\)1\,\ sent-original-packets\=\(guint64\)992\,\ sent-retransmitted-packets\=\(guint64\)60\,\ round-trip-time\=\(guint64\)152587\;", "rist/x-sender-session-stats\,\ session-id\=\(int\)2\,\ sent-original-packets\=\(guint64\)882\,\ sent-retransmitted-packets\=\(guint64\)43\,\ round-trip-time\=\(guint64\)137329\;", "rist/x-sender-session-stats\,\ session-id\=\(int\)3\,\ sent-original-packets\=\(guint64\)838\,\ sent-retransmitted-packets\=\(guint64\)23\,\ round-trip-time\=\(guint64\)137329\;" >;
ristsink0: rist/x-sender-stats, sent-original-packets=(guint64)4028, sent-retransmitted-packets=(guint64)161, session-stats=(GValueArray)< "rist/x-sender-session-stats\,\ session-id\=\(int\)0\,\ sent-original-packets\=\(guint64\)1231\,\ sent-retransmitted-packets\=\(guint64\)35\,\ round-trip-time\=\(guint64\)137329\;", "rist/x-sender-session-stats\,\ session-id\=\(int\)1\,\ sent-original-packets\=\(guint64\)1026\,\ sent-retransmitted-packets\=\(guint64\)60\,\ round-trip-time\=\(guint64\)167846\;", "rist/x-sender-session-stats\,\ session-id\=\(int\)2\,\ sent-original-packets\=\(guint64\)908\,\ sent-retransmitted-packets\=\(guint64\)43\,\ round-trip-time\=\(guint64\)122070\;", "rist/x-sender-session-stats\,\ session-id\=\(int\)3\,\ sent-original-packets\=\(guint64\)863\,\ sent-retransmitted-packets\=\(guint64\)23\,\ round-trip-time\=\(guint64\)152587\;" >;
weights update: [0.3016978898117421, 0.25888060214575204, 0.2341686997784227, 0.20525280826408313]
ristsink0: rist/x-sender-stats, sent-original-packets=(guint64)4155, sent-retransmitted-packets=(guint64)162, session-stats=(GValueArray)< "rist/x-sender-session-stats\,\ session-id\=\(int\)0\,\ sent-original-packets\=\(guint64\)1270\,\ sent-retransmitted-packets\=\(guint64\)36\,\ round-trip-time\=\(guint64\)228881\;", "rist/x-sender-session-stats\,\ session-id\=\(int\)1\,\ sent-original-packets\=\(guint64\)1060\,\ sent-retransmitted-packets\=\(guint64\)60\,\ round-trip-time\=\(guint64\)198364\;", "rist/x-sender-session-stats\,\ session-id\=\(int\)2\,\ sent-original-packets\=\(guint64\)937\,\ sent-retransmitted-packets\=\(guint64\)43\,\ round-trip-time\=\(guint64\)152587\;", "rist/x-sender-session-stats\,\ session-id\=\(int\)3\,\ sent-original-packets\=\(guint64\)888\,\ sent-retransmitted-packets\=\(guint64\)23\,\ round-trip-time\=\(guint64\)137329\;" >;
ristsink0: rist/x-sender-stats, sent-original-packets=(guint64)4297, sent-retransmitted-packets=(guint64)167, session-stats=(GValueArray)< "rist/x-sender-session-stats\,\ session-id\=\(int\)0\,\ sent-original-packets\=\(guint64\)1312\,\ sent-retransmitted-packets\=\(guint64\)39\,\ round-trip-time\=\(guint64\)183105\;", "rist/x-sender-session-stats\,\ session-id\=\(int\)1\,\ sent-original-packets\=\(guint64\)1099\,\ sent-retransmitted-packets\=\(guint64\)61\,\ round-trip-time\=\(guint64\)152587\;", "rist/x-sender-session-stats\,\ session-id\=\(int\)2\,\ sent-original-packets\=\(guint64\)969\,\ sent-retransmitted-packets\=\(guint64\)43\,\ round-trip-time\=\(guint64\)152587\;", "rist/x-sender-session-stats\,\ session-id\=\(int\)3\,\ sent-original-packets\=\(guint64\)917\,\ sent-retransmitted-packets\=\(guint64\)24\,\ round-trip-time\=\(guint64\)183105\;" >;
weights update: [0.29272561683894915, 0.2599563581934866, 0.22317145472388625, 0.22414657024367812]
ristsink0: rist/x-sender-stats, sent-original-packets=(guint64)4432, sent-retransmitted-packets=(guint64)168, session-stats=(GValueArray)< "rist/x-sender-session-stats\,\ session-id\=\(int\)0\,\ sent-original-packets\=\(guint64\)1356\,\ sent-retransmitted-packets\=\(guint64\)39\,\ round-trip-time\=\(guint64\)152587\;", "rist/x-sender-session-stats\,\ session-id\=\(int\)1\,\ sent-original-packets\=\(guint64\)1134\,\ sent-retransmitted-packets\=\(guint64\)62\,\ round-trip-time\=\(guint64\)228881\;", "rist/x-sender-session-stats\,\ session-id\=\(int\)2\,\ sent-original-packets\=\(guint64\)997\,\ sent-retransmitted-packets\=\(guint64\)43\,\ round-trip-time\=\(guint64\)183105\;", "rist/x-sender-session-stats\,\ session-id\=\(int\)3\,\ sent-original-packets\=\(guint64\)945\,\ sent-retransmitted-packets\=\(guint64\)24\,\ round-trip-time\=\(guint64\)137329\;" >;
ristsink0: rist/x-sender-stats, sent-original-packets=(guint64)4567, sent-retransmitted-packets=(guint64)173, session-stats=(GValueArray)< "rist/x-sender-session-stats\,\ session-id\=\(int\)0\,\ sent-original-packets\=\(guint64\)1400\,\ sent-retransmitted-packets\=\(guint64\)39\,\ round-trip-time\=\(guint64\)152587\;", "rist/x-sender-session-stats\,\ session-id\=\(int\)1\,\ sent-original-packets\=\(guint64\)1166\,\ sent-retransmitted-packets\=\(guint64\)64\,\ round-trip-time\=\(guint64\)137329\;", "rist/x-sender-session-stats\,\ session-id\=\(int\)2\,\ sent-original-packets\=\(guint64\)1027\,\ sent-retransmitted-packets\=\(guint64\)46\,\ round-trip-time\=\(guint64\)137329\;", "rist/x-sender-session-stats\,\ session-id\=\(int\)3\,\ sent-original-packets\=\(guint64\)974\,\ sent-retransmitted-packets\=\(guint64\)24\,\ round-trip-time\=\(guint64\)152587\;" >;
weights update: [0.3350627678694583, 0.24541258422897247, 0.2109250772319716, 0.2085995706695976]
ristsink0: rist/x-sender-stats, sent-original-packets=(guint64)4688, sent-retransmitted-packets=(guint64)176, session-stats=(GValueArray)< "rist/x-sender-session-stats\,\ session-id\=\(int\)0\,\ sent-original-packets\=\(guint64\)1441\,\ sent-retransmitted-packets\=\(guint64\)39\,\ round-trip-time\=\(guint64\)137329\;", "rist/x-sender-session-stats\,\ session-id\=\(int\)1\,\ sent-original-packets\=\(guint64\)1199\,\ sent-retransmitted-packets\=\(guint64\)65\,\ round-trip-time\=\(guint64\)122070\;", "rist/x-sender-session-stats\,\ session-id\=\(int\)2\,\ sent-original-packets\=\(guint64\)1051\,\ sent-retransmitted-packets\=\(guint64\)46\,\ round-trip-time\=\(guint64\)244140\;", "rist/x-sender-session-stats\,\ session-id\=\(int\)3\,\ sent-original-packets\=\(guint64\)997\,\ sent-retransmitted-packets\=\(guint64\)26\,\ round-trip-time\=\(guint64\)137329\;" >;
ristsink0: rist/x-sender-stats, sent-original-packets=(guint64)4797, sent-retransmitted-packets=(guint64)180, session-stats=(GValueArray)< "rist/x-sender-session-stats\,\ session-id\=\(int\)0\,\ sent-original-packets\=\(guint64\)1480\,\ sent-retransmitted-packets\=\(guint64\)41\,\ round-trip-time\=\(guint64\)137329\;", "rist/x-sender-session-stats\,\ session-id\=\(int\)1\,\ sent-original-packets\=\(guint64\)1225\,\ sent-retransmitted-packets\=\(guint64\)67\,\ round-trip-time\=\(guint64\)137329\;", "rist/x-sender-session-stats\,\ session-id\=\(int\)2\,\ sent-original-packets\=\(guint64\)1073\,\ sent-retransmitted-packets\=\(guint64\)46\,\ round-trip-time\=\(guint64\)152587\;", "rist/x-sender-session-stats\,\ session-id\=\(int\)3\,\ sent-original-packets\=\(guint64\)1019\,\ sent-retransmitted-packets\=\(guint64\)26\,\ round-trip-time\=\(guint64\)137329\;" >;
weights update: [0.31674199583211987, 0.2665701062881379, 0.2139786790035169, 0.20270921887622545]
ristsink0: rist/x-sender-stats, sent-original-packets=(guint64)4906, sent-retransmitted-packets=(guint64)183, session-stats=(GValueArray)< "rist/x-sender-session-stats\,\ session-id\=\(int\)0\,\ sent-original-packets\=\(guint64\)1515\,\ sent-retransmitted-packets\=\(guint64\)42\,\ round-trip-time\=\(guint64\)137329\;", "rist/x-sender-session-stats\,\ session-id\=\(int\)1\,\ sent-original-packets\=\(guint64\)1255\,\ sent-retransmitted-packets\=\(guint64\)69\,\ round-trip-time\=\(guint64\)122070\;", "rist/x-sender-session-stats\,\ session-id\=\(int\)2\,\ sent-original-packets\=\(guint64\)1096\,\ sent-retransmitted-packets\=\(guint64\)46\,\ round-trip-time\=\(guint64\)137329\;", "rist/x-sender-session-stats\,\ session-id\=\(int\)3\,\ sent-original-packets\=\(guint64\)1040\,\ sent-retransmitted-packets\=\(guint64\)26\,\ round-trip-time\=\(guint64\)137329\;" >;
ristsink0: rist/x-sender-stats, sent-original-packets=(guint64)5029, sent-retransmitted-packets=(guint64)185, session-stats=(GValueArray)< "rist/x-sender-session-stats\,\ session-id\=\(int\)0\,\ sent-original-packets\=\(guint64\)1555\,\ sent-retransmitted-packets\=\(guint64\)43\,\ round-trip-time\=\(guint64\)106811\;", "rist/x-sender-session-stats\,\ session-id\=\(int\)1\,\ sent-original-packets\=\(guint64\)1287\,\ sent-retransmitted-packets\=\(guint64\)70\,\ round-trip-time\=\(guint64\)137329\;", "rist/x-sender-session-stats\,\ session-id\=\(int\)2\,\ sent-original-packets\=\(guint64\)1123\,\ sent-retransmitted-packets\=\(guint64\)46\,\ round-trip-time\=\(guint64\)122070\;", "rist/x-sender-session-stats\,\ session-id\=\(int\)3\,\ sent-original-packets\=\(guint64\)1064\,\ sent-retransmitted-packets\=\(guint64\)26\,\ round-trip-time\=\(guint64\)122070\;" >;
weights update: [0.31362627039465923, 0.24930294101933015, 0.2363437020404176, 0.20072708654559304]
ristsink0: rist/x-sender-stats, sent-original-packets=(guint64)5156, sent-retransmitted-packets=(guint64)188, session-stats=(GValueArray)< "rist/x-sender-session-stats\,\ session-id\=\(int\)0\,\ sent-original-packets\=\(guint64\)1597\,\ sent-retransmitted-packets\=\(guint64\)46\,\ round-trip-time\=\(guint64\)137329\;", "rist/x-sender-session-stats\,\ session-id\=\(int\)1\,\ sent-original-packets\=\(guint64\)1320\,\ sent-retransmitted-packets\=\(guint64\)70\,\ round-trip-time\=\(guint64\)152587\;", "rist/x-sender-session-stats\,\ session-id\=\(int\)2\,\ sent-original-packets\=\(guint64\)1150\,\ sent-retransmitted-packets\=\(guint64\)46\,\ round-trip-time\=\(guint64\)167846\;", "rist/x-sender-session-stats\,\ session-id\=\(int\)3\,\ sent-original-packets\=\(guint64\)1089\,\ sent-retransmitted-packets\=\(guint64\)26\,\ round-trip-time\=\(guint64\)137329\;" >;
ristsink0: rist/x-sender-stats, sent-original-packets=(guint64)5281, sent-retransmitted-packets=(guint64)191, session-stats=(GValueArray)< "rist/x-sender-session-stats\,\ session-id\=\(int\)0\,\ sent-original-packets\=\(guint64\)1640\,\ sent-retransmitted-packets\=\(guint64\)49\,\ round-trip-time\=\(guint64\)106811\;", "rist/x-sender-session-stats\,\ session-id\=\(int\)1\,\ sent-original-packets\=\(guint64\)1350\,\ sent-retransmitted-packets\=\(guint64\)70\,\ round-trip-time\=\(guint64\)122070\;", "rist/x-sender-session-stats\,\ session-id\=\(int\)2\,\ sent-original-packets\=\(guint64\)1178\,\ sent-retransmitted-packets\=\(guint64\)46\,\ round-trip-time\=\(guint64\)137329\;", "rist/x-sender-session-stats\,\ session-id\=\(int\)3\,\ sent-original-packets\=\(guint64\)1113\,\ sent-retransmitted-packets\=\(guint64\)26\,\ round-trip-time\=\(guint64\)137329\;" >;
weights update: [0.30558468534714156, 0.2500597021841117, 0.2205197522290152, 0.2238358602397316]
ristsink0: rist/x-sender-stats, sent-original-packets=(guint64)5406, sent-retransmitted-packets=(guint64)192, session-stats=(GValueArray)< "rist/x-sender-session-stats\,\ session-id\=\(int\)0\,\ sent-original-packets\=\(guint64\)1680\,\ sent-retransmitted-packets\=\(guint64\)50\,\ round-trip-time\=\(guint64\)137329\;", "rist/x-sender-session-stats\,\ session-id\=\(int\)1\,\ sent-original-packets\=\(guint64\)1383\,\ sent-retransmitted-packets\=\(guint64\)70\,\ round-trip-time\=\(guint64\)137329\;", "rist/x-sender-session-stats\,\ session-id\=\(int\)2\,\ sent-original-packets\=\(guint64\)1204\,\ sent-retransmitted-packets\=\(guint64\)46\,\ round-trip-time\=\(guint64\)152587\;", "rist/x-sender-session-stats\,\ session-id\=\(int\)3\,\ sent-original-packets\=\(guint64\)1139\,\ sent-retransmitted-packets\=\(guint64\)26\,\ round-trip-time\=\(guint64\)137329\;" >;
ristsink0: rist/x-sender-stats, sent-original-packets=(guint64)5531, sent-retransmitted-packets=(guint64)195, session-stats=(GValueArray)< "rist/x-sender-session-stats\,\ session-id\=\(int\)0\,\ sent-original-packets\=\(guint64\)1722\,\ sent-retransmitted-packets\=\(guint64\)51\,\ round-trip-time\=\(guint64\)167846\;", "rist/x-sender-session-stats\,\ session-id\=\(int\)1\,\ sent-original-packets\=\(guint64\)1413\,\ sent-retransmitted-packets\=\(guint64\)70\,\ round-trip-time\=\(guint64\)106811\;", "rist/x-sender-session-stats\,\ session-id\=\(int\)2\,\ sent-original-packets\=\(guint64\)1231\,\ sent-retransmitted-packets\=\(guint64\)46\,\ round-trip-time\=\(guint64\)152587\;", "rist/x-sender-session-stats\,\ session-id\=\(int\)3\,\ sent-original-packets\=\(guint64\)1165\,\ sent-retransmitted-packets\=\(guint64\)28\,\ round-trip-time\=\(guint64\)122070\;" >;
weights update: [0.33915304594996515, 0.2457170581954484, 0.21429041039805152, 0.20083948545653485]
ristsink0: rist/x-sender-stats, sent-original-packets=(guint64)5654, sent-retransmitted-packets=(guint64)196, session-stats=(GValueArray)< "rist/x-sender-session-stats\,\ session-id\=\(int\)0\,\ sent-original-packets\=\(guint64\)1766\,\ sent-retransmitted-packets\=\(guint64\)51\,\ round-trip-time\=\(guint64\)137329\;", "rist/x-sender-session-stats\,\ session-id\=\(int\)1\,\ sent-original-packets\=\(guint64\)1443\,\ sent-retransmitted-packets\=\(guint64\)70\,\ round-trip-time\=\(guint64\)137329\;", "rist/x-sender-session-stats\,\ session-id\=\(int\)2\,\ sent-original-packets\=\(guint64\)1255\,\ sent-retransmitted-packets\=\(guint64\)46\,\ round-trip-time\=\(guint64\)106811\;", "rist/x-sender-session-stats\,\ session-id\=\(int\)3\,\ sent-original-packets\=\(guint64\)1190\,\ sent-retransmitted-packets\=\(guint64\)29\,\ round-trip-time\=\(guint64\)137329\;" >;
weights update: [0.35068600403910516, 0.24350316562680252, 0.21090190552381535, 0.19490892481027697]
ristsink0: rist/x-sender-stats, sent-original-packets=(guint64)5779, sent-retransmitted-packets=(guint64)198, session-stats=(GValueArray)< "rist/x-sender-session-stats\,\ session-id\=\(int\)0\,\ sent-original-packets\=\(guint64\)1808\,\ sent-retransmitted-packets\=\(guint64\)53\,\ round-trip-time\=\(guint64\)137329\;", "rist/x-sender-session-stats\,\ session-id\=\(int\)1\,\ sent-original-packets\=\(guint64\)1475\,\ sent-retransmitted-packets\=\(guint64\)70\,\ round-trip-time\=\(guint64\)167846\;", "rist/x-sender-session-stats\,\ session-id\=\(int\)2\,\ sent-original-packets\=\(guint64\)1282\,\ sent-retransmitted-packets\=\(guint64\)46\,\ round-trip-time\=\(guint64\)167846\;", "rist/x-sender-session-stats\,\ session-id\=\(int\)3\,\ sent-original-packets\=\(guint64\)1214\,\ sent-retransmitted-packets\=\(guint64\)29\,\ round-trip-time\=\(guint64\)167846\;" >;
weights update: [0.3157853770804661, 0.2752766491571634, 0.21243888538969685, 0.19649908837267369]
ristsink0: rist/x-sender-stats, sent-original-packets=(guint64)5904, sent-retransmitted-packets=(guint64)201, session-stats=(GValueArray)< "rist/x-sender-session-stats\,\ session-id\=\(int\)0\,\ sent-original-packets\=\(guint64\)1850\,\ sent-retransmitted-packets\=\(guint64\)55\,\ round-trip-time\=\(guint64\)152587\;", "rist/x-sender-session-stats\,\ session-id\=\(int\)1\,\ sent-original-packets\=\(guint64\)1509\,\ sent-retransmitted-packets\=\(guint64\)71\,\ round-trip-time\=\(guint64\)152587\;", "rist/x-sender-session-stats\,\ session-id\=\(int\)2\,\ sent-original-packets\=\(guint64\)1308\,\ sent-retransmitted-packets\=\(guint64\)46\,\ round-trip-time\=\(guint64\)122070\;", "rist/x-sender-session-stats\,\ session-id\=\(int\)3\,\ sent-original-packets\=\(guint64\)1237\,\ sent-retransmitted-packets\=\(guint64\)29\,\ round-trip-time\=\(guint64\)137329\;" >;
ristsink0: rist/x-sender-stats, sent-original-packets=(guint64)6029, sent-retransmitted-packets=(guint64)207, session-stats=(GValueArray)< "rist/x-sender-session-stats\,\ session-id\=\(int\)0\,\ sent-original-packets\=\(guint64\)1893\,\ sent-retransmitted-packets\=\(guint64\)58\,\ round-trip-time\=\(guint64\)183105\;", "rist/x-sender-session-stats\,\ session-id\=\(int\)1\,\ sent-original-packets\=\(guint64\)1544\,\ sent-retransmitted-packets\=\(guint64\)72\,\ round-trip-time\=\(guint64\)167846\;", "rist/x-sender-session-stats\,\ session-id\=\(int\)2\,\ sent-original-packets\=\(guint64\)1332\,\ sent-retransmitted-packets\=\(guint64\)47\,\ round-trip-time\=\(guint64\)122070\;", "rist/x-sender-session-stats\,\ session-id\=\(int\)3\,\ sent-original-packets\=\(guint64\)1260\,\ sent-retransmitted-packets\=\(guint64\)30\,\ round-trip-time\=\(guint64\)152587\;" >;
weights update: [0.3135917385483878, 0.2615631225753192, 0.2312548064731715, 0.19359033240312165]
ristsink0: rist/x-sender-stats, sent-original-packets=(guint64)6152, sent-retransmitted-packets=(guint64)209, session-stats=(GValueArray)< "rist/x-sender-session-stats\,\ session-id\=\(int\)0\,\ sent-original-packets\=\(guint64\)1931\,\ sent-retransmitted-packets\=\(guint64\)60\,\ round-trip-time\=\(guint64\)152587\;", "rist/x-sender-session-stats\,\ session-id\=\(int\)1\,\ sent-original-packets\=\(guint64\)1580\,\ sent-retransmitted-packets\=\(guint64\)72\,\ round-trip-time\=\(guint64\)137329\;", "rist/x-sender-session-stats\,\ session-id\=\(int\)2\,\ sent-original-packets\=\(guint64\)1359\,\ sent-retransmitted-packets\=\(guint64\)47\,\ round-trip-time\=\(guint64\)122070\;", "rist/x-sender-session-stats\,\ session-id\=\(int\)3\,\ sent-original-packets\=\(guint64\)1282\,\ sent-retransmitted-packets\=\(guint64\)30\,\ round-trip-time\=\(guint64\)259399\;" >;
weights update: [0.30090289647326984, 0.26594806561594664, 0.24005492655637992, 0.1930941113544036]
ristsink0: rist/x-sender-stats, sent-original-packets=(guint64)6281, sent-retransmitted-packets=(guint64)210, session-stats=(GValueArray)< "rist/x-sender-session-stats\,\ session-id\=\(int\)0\,\ sent-original-packets\=\(guint64\)1972\,\ sent-retransmitted-packets\=\(guint64\)60\,\ round-trip-time\=\(guint64\)137329\;", "rist/x-sender-session-stats\,\ session-id\=\(int\)1\,\ sent-original-packets\=\(guint64\)1614\,\ sent-retransmitted-packets\=\(guint64\)73\,\ round-trip-time\=\(guint64\)137329\;", "rist/x-sender-session-stats\,\ session-id\=\(int\)2\,\ sent-original-packets\=\(guint64\)1389\,\ sent-retransmitted-packets\=\(guint64\)47\,\ round-trip-time\=\(guint64\)167846\;", "rist/x-sender-session-stats\,\ session-id\=\(int\)3\,\ sent-original-packets\=\(guint64\)1306\,\ sent-retransmitted-packets\=\(guint64\)30\,\ round-trip-time\=\(guint64\)122070\;" >;
weights update: [0.3064908567342201, 0.26109442069697814, 0.21939814696042112, 0.2130165756083808]
ristsink0: rist/x-sender-stats, sent-original-packets=(guint64)6429, sent-retransmitted-packets=(guint64)223, session-stats=(GValueArray)< "rist/x-sender-session-stats\,\ session-id\=\(int\)0\,\ sent-original-packets\=\(guint64\)2020\,\ sent-retransmitted-packets\=\(guint64\)64\,\ round-trip-time\=\(guint64\)122070\;", "rist/x-sender-session-stats\,\ session-id\=\(int\)1\,\ sent-original-packets\=\(guint64\)1652\,\ sent-retransmitted-packets\=\(guint64\)79\,\ round-trip-time\=\(guint64\)122070\;", "rist/x-sender-session-stats\,\ session-id\=\(int\)2\,\ sent-original-packets\=\(guint64\)1422\,\ sent-retransmitted-packets\=\(guint64\)50\,\ round-trip-time\=\(guint64\)137329\;", "rist/x-sender-session-stats\,\ session-id\=\(int\)3\,\ sent-original-packets\=\(guint64\)1335\,\ sent-retransmitted-packets\=\(guint64\)30\,\ round-trip-time\=\(guint64\)137329\;" >;
ristsink0: rist/x-sender-stats, sent-original-packets=(guint64)6564, sent-retransmitted-packets=(guint64)229, session-stats=(GValueArray)< "rist/x-sender-session-stats\,\ session-id\=\(int\)0\,\ sent-original-packets\=\(guint64\)2066\,\ sent-retransmitted-packets\=\(guint64\)64\,\ round-trip-time\=\(guint64\)152587\;", "rist/x-sender-session-stats\,\ session-id\=\(int\)1\,\ sent-original-packets\=\(guint64\)1686\,\ sent-retransmitted-packets\=\(guint64\)81\,\ round-trip-time\=\(guint64\)122070\;", "rist/x-sender-session-stats\,\ session-id\=\(int\)2\,\ sent-original-packets\=\(guint64\)1450\,\ sent-retransmitted-packets\=\(guint64\)53\,\ round-trip-time\=\(guint64\)122070\;", "rist/x-sender-session-stats\,\ session-id\=\(int\)3\,\ sent-original-packets\=\(guint64\)1362\,\ sent-retransmitted-packets\=\(guint64\)31\,\ round-trip-time\=\(guint64\)167846\;" >;
weights update: [0.3483524775826179, 0.24704221193403025, 0.2088818718715444, 0.19572343861180735]
ristsink0: rist/x-sender-stats, sent-original-packets=(guint64)6695, sent-retransmitted-packets=(guint64)236, session-stats=(GValueArray)< "rist/x-sender-session-stats\,\ session-id\=\(int\)0\,\ sent-original-packets\=\(guint64\)2112\,\ sent-retransmitted-packets\=\(guint64\)69\,\ round-trip-time\=\(guint64\)122070\;", "rist/x-sender-session-stats\,\ session-id\=\(int\)1\,\ sent-original-packets\=\(guint64\)1718\,\ sent-retransmitted-packets\=\(guint64\)81\,\ round-trip-time\=\(guint64\)122070\;", "rist/x-sender-session-stats\,\ session-id\=\(int\)2\,\ sent-original-packets\=\(guint64\)1477\,\ sent-retransmitted-packets\=\(guint64\)53\,\ round-trip-time\=\(guint64\)137329\;", "rist/x-sender-session-stats\,\ session-id\=\(int\)3\,\ sent-original-packets\=\(guint64\)1388\,\ sent-retransmitted-packets\=\(guint64\)33\,\ round-trip-time\=\(guint64\)137329\;" >;
ristsink0: rist/x-sender-stats, sent-original-packets=(guint64)6806, sent-retransmitted-packets=(guint64)241, session-stats=(GValueArray)< "rist/x-sender-session-stats\,\ session-id\=\(int\)0\,\ sent-original-packets\=\(guint64\)2153\,\ sent-retransmitted-packets\=\(guint64\)73\,\ round-trip-time\=\(guint64\)122070\;", "rist/x-sender-session-stats\,\ session-id\=\(int\)1\,\ sent-original-packets\=\(guint64\)1746\,\ sent-retransmitted-packets\=\(guint64\)81\,\ round-trip-time\=\(guint64\)122070\;", "rist/x-sender-session-stats\,\ session-id\=\(int\)2\,\ sent-original-packets\=\(guint64\)1498\,\ sent-retransmitted-packets\=\(guint64\)53\,\ round-trip-time\=\(guint64\)137329\;", "rist/x-sender-session-stats\,\ session-id\=\(int\)3\,\ sent-original-packets\=\(guint64\)1409\,\ sent-retransmitted-packets\=\(guint64\)34\,\ round-trip-time\=\(guint64\)167846\;" >;
weights update: [0.31313944832058194, 0.28029899952038917, 0.209161368394609, 0.19740018376441976]
ristsink0: rist/x-sender-stats, sent-original-packets=(guint64)6911, sent-retransmitted-packets=(guint64)244, session-stats=(GValueArray)< "rist/x-sender-session-stats\,\ session-id\=\(int\)0\,\ sent-original-packets\=\(guint64\)2190\,\ sent-retransmitted-packets\=\(guint64\)75\,\ round-trip-time\=\(guint64\)137329\;", "rist/x-sender-session-stats\,\ session-id\=\(int\)1\,\ sent-original-packets\=\(guint64\)1774\,\ sent-retransmitted-packets\=\(guint64\)82\,\ round-trip-time\=\(guint64\)122070\;", "rist/x-sender-session-stats\,\ session-id\=\(int\)2\,\ sent-original-packets\=\(guint64\)1518\,\ sent-retransmitted-packets\=\(guint64\)53\,\ round-trip-time\=\(guint64\)137329\;", "rist/x-sender-session-stats\,\ session-id\=\(int\)3\,\ sent-original-packets\=\(guint64\)1429\,\ sent-retransmitted-packets\=\(guint64\)34\,\ round-trip-time\=\(guint64\)122070\;" >;
ristsink0: rist/x-sender-stats, sent-original-packets=(guint64)7030, sent-retransmitted-packets=(guint64)250, session-stats=(GValueArray)< "rist/x-sender-session-stats\,\ session-id\=\(int\)0\,\ sent-original-packets\=\(guint64\)2230\,\ sent-retransmitted-packets\=\(guint64\)77\,\ round-trip-time\=\(guint64\)137329\;", "rist/x-sender-session-stats\,\ session-id\=\(int\)1\,\ sent-original-packets\=\(guint64\)1808\,\ sent-retransmitted-packets\=\(guint64\)86\,\ round-trip-time\=\(guint64\)152587\;", "rist/x-sender-session-stats\,\ session-id\=\(int\)2\,\ sent-original-packets\=\(guint64\)1542\,\ sent-retransmitted-packets\=\(guint64\)53\,\ round-trip-time\=\(guint64\)137329\;", "rist/x-sender-session-stats\,\ session-id\=\(int\)3\,\ sent-original-packets\=\(guint64\)1450\,\ sent-retransmitted-packets\=\(guint64\)34\,\ round-trip-time\=\(guint64\)122070\;" >;
weights update: [0.3169071303238692, 0.2528361973489191, 0.2341981051021894, 0.19605856722502257]
ristsink0: rist/x-sender-stats, sent-original-packets=(guint64)7153, sent-retransmitted-packets=(guint64)254, session-stats=(GValueArray)< "rist/x-sender-session-stats\,\ session-id\=\(int\)0\,\ sent-original-packets\=\(guint64\)2271\,\ sent-retransmitted-packets\=\(guint64\)79\,\ round-trip-time\=\(guint64\)137329\;", "rist/x-sender-session-stats\,\ session-id\=\(int\)1\,\ sent-original-packets\=\(guint64\)1841\,\ sent-retransmitted-packets\=\(guint64\)88\,\ round-trip-time\=\(guint64\)122070\;", "rist/x-sender-session-stats\,\ session-id\=\(int\)2\,\ sent-original-packets\=\(guint64\)1568\,\ sent-retransmitted-packets\=\(guint64\)53\,\ round-trip-time\=\(guint64\)122070\;", "rist/x-sender-session-stats\,\ session-id\=\(int\)3\,\ sent-original-packets\=\(guint64\)1473\,\ sent-retransmitted-packets\=\(guint64\)34\,\ round-trip-time\=\(guint64\)122070\;" >;
ristsink0: rist/x-sender-stats, sent-original-packets=(guint64)7280, sent-retransmitted-packets=(guint64)257, session-stats=(GValueArray)< "rist/x-sender-session-stats\,\ session-id\=\(int\)0\,\ sent-original-packets\=\(guint64\)2315\,\ sent-retransmitted-packets\=\(guint64\)81\,\ round-trip-time\=\(guint64\)320434\;", "rist/x-sender-session-stats\,\ session-id\=\(int\)1\,\ sent-original-packets\=\(guint64\)1873\,\ sent-retransmitted-packets\=\(guint64\)88\,\ round-trip-time\=\(guint64\)137329\;", "rist/x-sender-session-stats\,\ session-id\=\(int\)2\,\ sent-original-packets\=\(guint64\)1596\,\ sent-retransmitted-packets\=\(guint64\)53\,\ round-trip-time\=\(guint64\)137329\;", "rist/x-sender-session-stats\,\ session-id\=\(int\)3\,\ sent-original-packets\=\(guint64\)1496\,\ sent-retransmitted-packets\=\(guint64\)35\,\ round-trip-time\=\(guint64\)152587\;" >;
weights update: [0.3182236691214172, 0.2495811359257421, 0.22128017127062255, 0.21091502368221812]
ristsink0: rist/x-sender-stats, sent-original-packets=(guint64)7403, sent-retransmitted-packets=(guint64)261, session-stats=(GValueArray)< "rist/x-sender-session-stats\,\ session-id\=\(int\)0\,\ sent-original-packets\=\(guint64\)2357\,\ sent-retransmitted-packets\=\(guint64\)84\,\ round-trip-time\=\(guint64\)122070\;", "rist/x-sender-session-stats\,\ session-id\=\(int\)1\,\ sent-original-packets\=\(guint64\)1902\,\ sent-retransmitted-packets\=\(guint64\)89\,\ round-trip-time\=\(guint64\)137329\;", "rist/x-sender-session-stats\,\ session-id\=\(int\)2\,\ sent-original-packets\=\(guint64\)1624\,\ sent-retransmitted-packets\=\(guint64\)53\,\ round-trip-time\=\(guint64\)167846\;", "rist/x-sender-session-stats\,\ session-id\=\(int\)3\,\ sent-original-packets\=\(guint64\)1520\,\ sent-retransmitted-packets\=\(guint64\)35\,\ round-trip-time\=\(guint64\)137329\;" >;
ristsink0: rist/x-sender-stats, sent-original-packets=(guint64)7530, sent-retransmitted-packets=(guint64)266, session-stats=(GValueArray)< "rist/x-sender-session-stats\,\ session-id\=\(int\)0\,\ sent-original-packets\=\(guint64\)2401\,\ sent-retransmitted-packets\=\(guint64\)88\,\ round-trip-time\=\(guint64\)122070\;", "rist/x-sender-session-stats\,\ session-id\=\(int\)1\,\ sent-original-packets\=\(guint64\)1933\,\ sent-retransmitted-packets\=\(guint64\)90\,\ round-trip-time\=\(guint64\)122070\;", "rist/x-sender-session-stats\,\ session-id\=\(int\)2\,\ sent-original-packets\=\(guint64\)1651\,\ sent-retransmitted-packets\=\(guint64\)53\,\ round-trip-time\=\(guint64\)137329\;", "rist/x-sender-session-stats\,\ session-id\=\(int\)3\,\ sent-original-packets\=\(guint64\)1545\,\ sent-retransmitted-packets\=\(guint64\)35\,\ round-trip-time\=\(guint64\)167846\;" >;
weights update: [0.343144242717165, 0.24129140234960364, 0.21978273099540244, 0.19578162393782905]
ristsink0: rist/x-sender-stats, sent-original-packets=(guint64)7657, sent-retransmitted-packets=(guint64)267, session-stats=(GValueArray)< "rist/x-sender-session-stats\,\ session-id\=\(int\)0\,\ sent-original-packets\=\(guint64\)2445\,\ sent-retransmitted-packets\=\(guint64\)89\,\ round-trip-time\=\(guint64\)137329\;", "rist/x-sender-session-stats\,\ session-id\=\(int\)1\,\ sent-original-packets\=\(guint64\)1963\,\ sent-retransmitted-packets\=\(guint64\)90\,\ round-trip-time\=\(guint64\)152587\;", "rist/x-sender-session-stats\,\ session-id\=\(int\)2\,\ sent-original-packets\=\(guint64\)1679\,\ sent-retransmitted-packets\=\(guint64\)53\,\ round-trip-time\=\(guint64\)122070\;", "rist/x-sender-session-stats\,\ session-id\=\(int\)3\,\ sent-original-packets\=\(guint64\)1570\,\ sent-retransmitted-packets\=\(guint64\)35\,\ round-trip-time\=\(guint64\)122070\;" >;
ristsink0: rist/x-sender-stats, sent-original-packets=(guint64)7780, sent-retransmitted-packets=(guint64)274, session-stats=(GValueArray)< "rist/x-sender-session-stats\,\ session-id\=\(int\)0\,\ sent-original-packets\=\(guint64\)2489\,\ sent-retransmitted-packets\=\(guint64\)93\,\ round-trip-time\=\(guint64\)152587\;", "rist/x-sender-session-stats\,\ session-id\=\(int\)1\,\ sent-original-packets\=\(guint64\)1993\,\ sent-retransmitted-packets\=\(guint64\)91\,\ round-trip-time\=\(guint64\)152587\;", "rist/x-sender-session-stats\,\ session-id\=\(int\)2\,\ sent-original-packets\=\(guint64\)1705\,\ sent-retransmitted-packets\=\(guint64\)53\,\ round-trip-time\=\(guint64\)152587\;", "rist/x-sender-session-stats\,\ session-id\=\(int\)3\,\ sent-original-packets\=\(guint64\)1593\,\ sent-retransmitted-packets\=\(guint64\)37\,\ round-trip-time\=\(guint64\)122070\;" >;
weights update: [0.3174919669490994, 0.27003470705680505, 0.22128287782370945, 0.1911904481703861]
ristsink0: rist/x-sender-stats, sent-original-packets=(guint64)7905, sent-retransmitted-packets=(guint64)280, session-stats=(GValueArray)< "rist/x-sender-session-stats\,\ session-id\=\(int\)0\,\ sent-original-packets\=\(guint64\)2532\,\ sent-retransmitted-packets\=\(guint64\)96\,\ round-trip-time\=\(guint64\)152587\;", "rist/x-sender-session-stats\,\ session-id\=\(int\)1\,\ sent-original-packets\=\(guint64\)2025\,\ sent-retransmitted-packets\=\(guint64\)93\,\ round-trip-time\=\(guint64\)137329\;", "rist/x-sender-session-stats\,\ session-id\=\(int\)2\,\ sent-original-packets\=\(guint64\)1733\,\ sent-retransmitted-packets\=\(guint64\)54\,\ round-trip-time\=\(guint64\)106811\;", "rist/x-sender-session-stats\,\ session-id\=\(int\)3\,\ sent-original-packets\=\(guint64\)1615\,\ sent-retransmitted-packets\=\(guint64\)37\,\ round-trip-time\=\(guint64\)152587\;" >;
0:00:31.903506812 92710 0x7f1fa4000b70 WARN                 GST_BUS gstbus.c:387:gst_bus_post:<bus7> queue overflows with 1024 messages. Application is too slow or is not handling messages. Please add a message handler, otherwise the queue will grow infinitely.
ristsink0: rist/x-sender-stats, sent-original-packets=(guint64)8030, sent-retransmitted-packets=(guint64)281, session-stats=(GValueArray)< "rist/x-sender-session-stats\,\ session-id\=\(int\)0\,\ sent-original-packets\=\(guint64\)2572\,\ sent-retransmitted-packets\=\(guint64\)97\,\ round-trip-time\=\(guint64\)137329\;", "rist/x-sender-session-stats\,\ session-id\=\(int\)1\,\ sent-original-packets\=\(guint64\)2060\,\ sent-retransmitted-packets\=\(guint64\)93\,\ round-trip-time\=\(guint64\)167846\;", "rist/x-sender-session-stats\,\ session-id\=\(int\)2\,\ sent-original-packets\=\(guint64\)1760\,\ sent-retransmitted-packets\=\(guint64\)54\,\ round-trip-time\=\(guint64\)137329\;", "rist/x-sender-session-stats\,\ session-id\=\(int\)3\,\ sent-original-packets\=\(guint64\)1638\,\ sent-retransmitted-packets\=\(guint64\)37\,\ round-trip-time\=\(guint64\)122070\;" >;
weights update: [0.31623358139931984, 0.24705930912403423, 0.24562857845666983, 0.19107853101997604]
ristsink0: rist/x-sender-stats, sent-original-packets=(guint64)8155, sent-retransmitted-packets=(guint64)288, session-stats=(GValueArray)< "rist/x-sender-session-stats\,\ session-id\=\(int\)0\,\ sent-original-packets\=\(guint64\)2614\,\ sent-retransmitted-packets\=\(guint64\)97\,\ round-trip-time\=\(guint64\)152587\;", "rist/x-sender-session-stats\,\ session-id\=\(int\)1\,\ sent-original-packets\=\(guint64\)2094\,\ sent-retransmitted-packets\=\(guint64\)97\,\ round-trip-time\=\(guint64\)167846\;", "rist/x-sender-session-stats\,\ session-id\=\(int\)2\,\ sent-original-packets\=\(guint64\)1787\,\ sent-retransmitted-packets\=\(guint64\)55\,\ round-trip-time\=\(guint64\)137329\;", "rist/x-sender-session-stats\,\ session-id\=\(int\)3\,\ sent-original-packets\=\(guint64\)1660\,\ sent-retransmitted-packets\=\(guint64\)39\,\ round-trip-time\=\(guint64\)122070\;" >;
ristsink0: rist/x-sender-stats, sent-original-packets=(guint64)8278, sent-retransmitted-packets=(guint64)291, session-stats=(GValueArray)< "rist/x-sender-session-stats\,\ session-id\=\(int\)0\,\ sent-original-packets\=\(guint64\)2655\,\ sent-retransmitted-packets\=\(guint64\)98\,\ round-trip-time\=\(guint64\)122070\;", "rist/x-sender-session-stats\,\ session-id\=\(int\)1\,\ sent-original-packets\=\(guint64\)2125\,\ sent-retransmitted-packets\=\(guint64\)98\,\ round-trip-time\=\(guint64\)137329\;", "rist/x-sender-session-stats\,\ session-id\=\(int\)2\,\ sent-original-packets\=\(guint64\)1816\,\ sent-retransmitted-packets\=\(guint64\)56\,\ round-trip-time\=\(guint64\)122070\;", "rist/x-sender-session-stats\,\ session-id\=\(int\)3\,\ sent-original-packets\=\(guint64\)1682\,\ sent-retransmitted-packets\=\(guint64\)39\,\ round-trip-time\=\(guint64\)167846\;" >;
weights update: [0.32152335215267974, 0.24710109331212687, 0.2258516262079121, 0.20552392832728136]
ristsink0: rist/x-sender-stats, sent-original-packets=(guint64)8424, sent-retransmitted-packets=(guint64)301, session-stats=(GValueArray)< "rist/x-sender-session-stats\,\ session-id\=\(int\)0\,\ sent-original-packets\=\(guint64\)2704\,\ sent-retransmitted-packets\=\(guint64\)105\,\ round-trip-time\=\(guint64\)518798\;", "rist/x-sender-session-stats\,\ session-id\=\(int\)1\,\ sent-original-packets\=\(guint64\)2162\,\ sent-retransmitted-packets\=\(guint64\)99\,\ round-trip-time\=\(guint64\)152587\;", "rist/x-sender-session-stats\,\ session-id\=\(int\)2\,\ sent-original-packets\=\(guint64\)1849\,\ sent-retransmitted-packets\=\(guint64\)56\,\ round-trip-time\=\(guint64\)137329\;", "rist/x-sender-session-stats\,\ session-id\=\(int\)3\,\ sent-original-packets\=\(guint64\)1709\,\ sent-retransmitted-packets\=\(guint64\)41\,\ round-trip-time\=\(guint64\)122070\;" >;
weights update: [0.3080019879919501, 0.24945268829029155, 0.23062634828890344, 0.2119189754288549]
ristsink0: rist/x-sender-stats, sent-original-packets=(guint64)8559, sent-retransmitted-packets=(guint64)308, session-stats=(GValueArray)< "rist/x-sender-session-stats\,\ session-id\=\(int\)0\,\ sent-original-packets\=\(guint64\)2748\,\ sent-retransmitted-packets\=\(guint64\)110\,\ round-trip-time\=\(guint64\)122070\;", "rist/x-sender-session-stats\,\ session-id\=\(int\)1\,\ sent-original-packets\=\(guint64\)2195\,\ sent-retransmitted-packets\=\(guint64\)101\,\ round-trip-time\=\(guint64\)122070\;", "rist/x-sender-session-stats\,\ session-id\=\(int\)2\,\ sent-original-packets\=\(guint64\)1879\,\ sent-retransmitted-packets\=\(guint64\)56\,\ round-trip-time\=\(guint64\)122070\;", "rist/x-sender-session-stats\,\ session-id\=\(int\)3\,\ sent-original-packets\=\(guint64\)1737\,\ sent-retransmitted-packets\=\(guint64\)41\,\ round-trip-time\=\(guint64\)152587\;" >;
weights update: [0.3358041651356849, 0.24458339145147948, 0.22586995107667676, 0.19374249233615892]
ristsink0: rist/x-sender-stats, sent-original-packets=(guint64)8694, sent-retransmitted-packets=(guint64)311, session-stats=(GValueArray)< "rist/x-sender-session-stats\,\ session-id\=\(int\)0\,\ sent-original-packets\=\(guint64\)2793\,\ sent-retransmitted-packets\=\(guint64\)111\,\ round-trip-time\=\(guint64\)137329\;", "rist/x-sender-session-stats\,\ session-id\=\(int\)1\,\ sent-original-packets\=\(guint64\)2229\,\ sent-retransmitted-packets\=\(guint64\)101\,\ round-trip-time\=\(guint64\)137329\;", "rist/x-sender-session-stats\,\ session-id\=\(int\)2\,\ sent-original-packets\=\(guint64\)1909\,\ sent-retransmitted-packets\=\(guint64\)58\,\ round-trip-time\=\(guint64\)122070\;", "rist/x-sender-session-stats\,\ session-id\=\(int\)3\,\ sent-original-packets\=\(guint64\)1763\,\ sent-retransmitted-packets\=\(guint64\)41\,\ round-trip-time\=\(guint64\)122070\;" >;
ristsink0: rist/x-sender-stats, sent-original-packets=(guint64)8823, sent-retransmitted-packets=(guint64)318, session-stats=(GValueArray)< "rist/x-sender-session-stats\,\ session-id\=\(int\)0\,\ sent-original-packets\=\(guint64\)2836\,\ sent-retransmitted-packets\=\(guint64\)118\,\ round-trip-time\=\(guint64\)167846\;", "rist/x-sender-session-stats\,\ session-id\=\(int\)1\,\ sent-original-packets\=\(guint64\)2263\,\ sent-retransmitted-packets\=\(guint64\)101\,\ round-trip-time\=\(guint64\)259399\;", "rist/x-sender-session-stats\,\ session-id\=\(int\)2\,\ sent-original-packets\=\(guint64\)1937\,\ sent-retransmitted-packets\=\(guint64\)58\,\ round-trip-time\=\(guint64\)152587\;", "rist/x-sender-session-stats\,\ session-id\=\(int\)3\,\ sent-original-packets\=\(guint64\)1787\,\ sent-retransmitted-packets\=\(guint64\)41\,\ round-trip-time\=\(guint64\)152587\;" >;
weights update: [0.3013981225488401, 0.28422296016610554, 0.21945896455588235, 0.1949199527291721]
ristsink0: rist/x-sender-stats, sent-original-packets=(guint64)8928, sent-retransmitted-packets=(guint64)320, session-stats=(GValueArray)< "rist/x-sender-session-stats\,\ session-id\=\(int\)0\,\ sent-original-packets\=\(guint64\)2873\,\ sent-retransmitted-packets\=\(guint64\)118\,\ round-trip-time\=\(guint64\)106811\;", "rist/x-sender-session-stats\,\ session-id\=\(int\)1\,\ sent-original-packets\=\(guint64\)2291\,\ sent-retransmitted-packets\=\(guint64\)101\,\ round-trip-time\=\(guint64\)122070\;", "rist/x-sender-session-stats\,\ session-id\=\(int\)2\,\ sent-original-packets\=\(guint64\)1959\,\ sent-retransmitted-packets\=\(guint64\)60\,\ round-trip-time\=\(guint64\)152587\;", "rist/x-sender-session-stats\,\ session-id\=\(int\)3\,\ sent-original-packets\=\(guint64\)1805\,\ sent-retransmitted-packets\=\(guint64\)41\,\ round-trip-time\=\(guint64\)137329\;" >;
ristsink0: rist/x-sender-stats, sent-original-packets=(guint64)9033, sent-retransmitted-packets=(guint64)321, session-stats=(GValueArray)< "rist/x-sender-session-stats\,\ session-id\=\(int\)0\,\ sent-original-packets\=\(guint64\)2911\,\ sent-retransmitted-packets\=\(guint64\)118\,\ round-trip-time\=\(guint64\)152587\;", "rist/x-sender-session-stats\,\ session-id\=\(int\)1\,\ sent-original-packets\=\(guint64\)2319\,\ sent-retransmitted-packets\=\(guint64\)102\,\ round-trip-time\=\(guint64\)122070\;", "rist/x-sender-session-stats\,\ session-id\=\(int\)2\,\ sent-original-packets\=\(guint64\)1980\,\ sent-retransmitted-packets\=\(guint64\)60\,\ round-trip-time\=\(guint64\)122070\;", "rist/x-sender-session-stats\,\ session-id\=\(int\)3\,\ sent-original-packets\=\(guint64\)1823\,\ sent-retransmitted-packets\=\(guint64\)41\,\ round-trip-time\=\(guint64\)122070\;" >;
weights update: [0.3141250114050689, 0.2592523168311667, 0.235679519529944, 0.19094315223382052]
ristsink0: rist/x-sender-stats, sent-original-packets=(guint64)9158, sent-retransmitted-packets=(guint64)323, session-stats=(GValueArray)< "rist/x-sender-session-stats\,\ session-id\=\(int\)0\,\ sent-original-packets\=\(guint64\)2950\,\ sent-retransmitted-packets\=\(guint64\)119\,\ round-trip-time\=\(guint64\)106811\;", "rist/x-sender-session-stats\,\ session-id\=\(int\)1\,\ sent-original-packets\=\(guint64\)2355\,\ sent-retransmitted-packets\=\(guint64\)103\,\ round-trip-time\=\(guint64\)137329\;", "rist/x-sender-session-stats\,\ session-id\=\(int\)2\,\ sent-original-packets\=\(guint64\)2007\,\ sent-retransmitted-packets\=\(guint64\)60\,\ round-trip-time\=\(guint64\)137329\;", "rist/x-sender-session-stats\,\ session-id\=\(int\)3\,\ sent-original-packets\=\(guint64\)1846\,\ sent-retransmitted-packets\=\(guint64\)41\,\ round-trip-time\=\(guint64\)137329\;" >;
ristsink0: rist/x-sender-stats, sent-original-packets=(guint64)9283, sent-retransmitted-packets=(guint64)323, session-stats=(GValueArray)< "rist/x-sender-session-stats\,\ session-id\=\(int\)0\,\ sent-original-packets\=\(guint64\)2992\,\ sent-retransmitted-packets\=\(guint64\)119\,\ round-trip-time\=\(guint64\)137329\;", "rist/x-sender-session-stats\,\ session-id\=\(int\)1\,\ sent-original-packets\=\(guint64\)2388\,\ sent-retransmitted-packets\=\(guint64\)103\,\ round-trip-time\=\(guint64\)152587\;", "rist/x-sender-session-stats\,\ session-id\=\(int\)2\,\ sent-original-packets\=\(guint64\)2035\,\ sent-retransmitted-packets\=\(guint64\)60\,\ round-trip-time\=\(guint64\)137329\;", "rist/x-sender-session-stats\,\ session-id\=\(int\)3\,\ sent-original-packets\=\(guint64\)1868\,\ sent-retransmitted-packets\=\(guint64\)41\,\ round-trip-time\=\(guint64\)167846\;" >;
weights update: [0.31177824894193973, 0.25814076445842465, 0.2207200898608652, 0.20936089673877048]
ristsink0: rist/x-sender-stats, sent-original-packets=(guint64)9408, sent-retransmitted-packets=(guint64)327, session-stats=(GValueArray)< "rist/x-sender-session-stats\,\ session-id\=\(int\)0\,\ sent-original-packets\=\(guint64\)3031\,\ sent-retransmitted-packets\=\(guint64\)121\,\ round-trip-time\=\(guint64\)122070\;", "rist/x-sender-session-stats\,\ session-id\=\(int\)1\,\ sent-original-packets\=\(guint64\)2422\,\ sent-retransmitted-packets\=\(guint64\)103\,\ round-trip-time\=\(guint64\)122070\;", "rist/x-sender-session-stats\,\ session-id\=\(int\)2\,\ sent-original-packets\=\(guint64\)2063\,\ sent-retransmitted-packets\=\(guint64\)60\,\ round-trip-time\=\(guint64\)137329\;", "rist/x-sender-session-stats\,\ session-id\=\(int\)3\,\ sent-original-packets\=\(guint64\)1892\,\ sent-retransmitted-packets\=\(guint64\)43\,\ round-trip-time\=\(guint64\)289916\;" >;
ristsink0: rist/x-sender-stats, sent-original-packets=(guint64)9533, sent-retransmitted-packets=(guint64)330, session-stats=(GValueArray)< "rist/x-sender-session-stats\,\ session-id\=\(int\)0\,\ sent-original-packets\=\(guint64\)3073\,\ sent-retransmitted-packets\=\(guint64\)121\,\ round-trip-time\=\(guint64\)137329\;", "rist/x-sender-session-stats\,\ session-id\=\(int\)1\,\ sent-original-packets\=\(guint64\)2454\,\ sent-retransmitted-packets\=\(guint64\)105\,\ round-trip-time\=\(guint64\)183105\;", "rist/x-sender-session-stats\,\ session-id\=\(int\)2\,\ sent-original-packets\=\(guint64\)2089\,\ sent-retransmitted-packets\=\(guint64\)60\,\ round-trip-time\=\(guint64\)137329\;", "rist/x-sender-session-stats\,\ session-id\=\(int\)3\,\ sent-original-packets\=\(guint64\)1917\,\ sent-retransmitted-packets\=\(guint64\)44\,\ round-trip-time\=\(guint64\)137329\;" >;
weights update: [0.34284785339403395, 0.25216135922062943, 0.2162183112817164, 0.18877247610362027]
ristsink0: rist/x-sender-stats, sent-original-packets=(guint64)9658, sent-retransmitted-packets=(guint64)332, session-stats=(GValueArray)< "rist/x-sender-session-stats\,\ session-id\=\(int\)0\,\ sent-original-packets\=\(guint64\)3114\,\ sent-retransmitted-packets\=\(guint64\)123\,\ round-trip-time\=\(guint64\)122070\;", "rist/x-sender-session-stats\,\ session-id\=\(int\)1\,\ sent-original-packets\=\(guint64\)2486\,\ sent-retransmitted-packets\=\(guint64\)105\,\ round-trip-time\=\(guint64\)106811\;", "rist/x-sender-session-stats\,\ session-id\=\(int\)2\,\ sent-original-packets\=\(guint64\)2117\,\ sent-retransmitted-packets\=\(guint64\)60\,\ round-trip-time\=\(guint64\)137329\;", "rist/x-sender-session-stats\,\ session-id\=\(int\)3\,\ sent-original-packets\=\(guint64\)1941\,\ sent-retransmitted-packets\=\(guint64\)44\,\ round-trip-time\=\(guint64\)137329\;" >;
ristsink0: rist/x-sender-stats, sent-original-packets=(guint64)9781, sent-retransmitted-packets=(guint64)336, session-stats=(GValueArray)< "rist/x-sender-session-stats\,\ session-id\=\(int\)0\,\ sent-original-packets\=\(guint64\)3156\,\ sent-retransmitted-packets\=\(guint64\)127\,\ round-trip-time\=\(guint64\)137329\;", "rist/x-sender-session-stats\,\ session-id\=\(int\)1\,\ sent-original-packets\=\(guint64\)2521\,\ sent-retransmitted-packets\=\(guint64\)105\,\ round-trip-time\=\(guint64\)198364\;", "rist/x-sender-session-stats\,\ session-id\=\(int\)2\,\ sent-original-packets\=\(guint64\)2142\,\ sent-retransmitted-packets\=\(guint64\)60\,\ round-trip-time\=\(guint64\)122070\;", "rist/x-sender-session-stats\,\ session-id\=\(int\)3\,\ sent-original-packets\=\(guint64\)1962\,\ sent-retransmitted-packets\=\(guint64\)44\,\ round-trip-time\=\(guint64\)137329\;" >;
weights update: [0.301630559267036, 0.2914788993475271, 0.21862723656367772, 0.1882633048217593]
ristsink0: rist/x-sender-stats, sent-original-packets=(guint64)9910, sent-retransmitted-packets=(guint64)347, session-stats=(GValueArray)< "rist/x-sender-session-stats\,\ session-id\=\(int\)0\,\ sent-original-packets\=\(guint64\)3199\,\ sent-retransmitted-packets\=\(guint64\)138\,\ round-trip-time\=\(guint64\)152587\;", "rist/x-sender-session-stats\,\ session-id\=\(int\)1\,\ sent-original-packets\=\(guint64\)2556\,\ sent-retransmitted-packets\=\(guint64\)105\,\ round-trip-time\=\(guint64\)198364\;", "rist/x-sender-session-stats\,\ session-id\=\(int\)2\,\ sent-original-packets\=\(guint64\)2169\,\ sent-retransmitted-packets\=\(guint64\)60\,\ round-trip-time\=\(guint64\)122070\;", "rist/x-sender-session-stats\,\ session-id\=\(int\)3\,\ sent-original-packets\=\(guint64\)1986\,\ sent-retransmitted-packets\=\(guint64\)44\,\ round-trip-time\=\(guint64\)137329\;" >;
weights update: [0.2869161455517952, 0.3056301740324369, 0.2206328543576292, 0.1868208260581387]
ristsink0: rist/x-sender-stats, sent-original-packets=(guint64)10029, sent-retransmitted-packets=(guint64)352, session-stats=(GValueArray)< "rist/x-sender-session-stats\,\ session-id\=\(int\)0\,\ sent-original-packets\=\(guint64\)3234\,\ sent-retransmitted-packets\=\(guint64\)138\,\ round-trip-time\=\(guint64\)122070\;", "rist/x-sender-session-stats\,\ session-id\=\(int\)1\,\ sent-original-packets\=\(guint64\)2593\,\ sent-retransmitted-packets\=\(guint64\)108\,\ round-trip-time\=\(guint64\)137329\;", "rist/x-sender-session-stats\,\ session-id\=\(int\)2\,\ sent-original-packets\=\(guint64\)2196\,\ sent-retransmitted-packets\=\(guint64\)60\,\ round-trip-time\=\(guint64\)137329\;", "rist/x-sender-session-stats\,\ session-id\=\(int\)3\,\ sent-original-packets\=\(guint64\)2006\,\ sent-retransmitted-packets\=\(guint64\)46\,\ round-trip-time\=\(guint64\)167846\;" >;
weights update: [0.2909205205864075, 0.2770950398376739, 0.24718448412223276, 0.1847999554536858]
ristsink0: rist/x-sender-stats, sent-original-packets=(guint64)10158, sent-retransmitted-packets=(guint64)354, session-stats=(GValueArray)< "rist/x-sender-session-stats\,\ session-id\=\(int\)0\,\ sent-original-packets\=\(guint64\)3274\,\ sent-retransmitted-packets\=\(guint64\)138\,\ round-trip-time\=\(guint64\)122070\;", "rist/x-sender-session-stats\,\ session-id\=\(int\)1\,\ sent-original-packets\=\(guint64\)2631\,\ sent-retransmitted-packets\=\(guint64\)110\,\ round-trip-time\=\(guint64\)137329\;", "rist/x-sender-session-stats\,\ session-id\=\(int\)2\,\ sent-original-packets\=\(guint64\)2224\,\ sent-retransmitted-packets\=\(guint64\)60\,\ round-trip-time\=\(guint64\)137329\;", "rist/x-sender-session-stats\,\ session-id\=\(int\)3\,\ sent-original-packets\=\(guint64\)2029\,\ sent-retransmitted-packets\=\(guint64\)46\,\ round-trip-time\=\(guint64\)152587\;" >;
ristsink0: rist/x-sender-stats, sent-original-packets=(guint64)10281, sent-retransmitted-packets=(guint64)354, session-stats=(GValueArray)< "rist/x-sender-session-stats\,\ session-id\=\(int\)0\,\ sent-original-packets\=\(guint64\)3310\,\ sent-retransmitted-packets\=\(guint64\)138\,\ round-trip-time\=\(guint64\)137329\;", "rist/x-sender-session-stats\,\ session-id\=\(int\)1\,\ sent-original-packets\=\(guint64\)2667\,\ sent-retransmitted-packets\=\(guint64\)110\,\ round-trip-time\=\(guint64\)167846\;", "rist/x-sender-session-stats\,\ session-id\=\(int\)2\,\ sent-original-packets\=\(guint64\)2254\,\ sent-retransmitted-packets\=\(guint64\)60\,\ round-trip-time\=\(guint64\)167846\;", "rist/x-sender-session-stats\,\ session-id\=\(int\)3\,\ sent-original-packets\=\(guint64\)2050\,\ sent-retransmitted-packets\=\(guint64\)46\,\ round-trip-time\=\(guint64\)137329\;" >;
weights update: [0.29209065927931555, 0.2734386115612191, 0.23235952319538583, 0.20211120596407955]
ristsink0: rist/x-sender-stats, sent-original-packets=(guint64)10404, sent-retransmitted-packets=(guint64)357, session-stats=(GValueArray)< "rist/x-sender-session-stats\,\ session-id\=\(int\)0\,\ sent-original-packets\=\(guint64\)3347\,\ sent-retransmitted-packets\=\(guint64\)138\,\ round-trip-time\=\(guint64\)122070\;", "rist/x-sender-session-stats\,\ session-id\=\(int\)1\,\ sent-original-packets\=\(guint64\)2703\,\ sent-retransmitted-packets\=\(guint64\)112\,\ round-trip-time\=\(guint64\)167846\;", "rist/x-sender-session-stats\,\ session-id\=\(int\)2\,\ sent-original-packets\=\(guint64\)2282\,\ sent-retransmitted-packets\=\(guint64\)61\,\ round-trip-time\=\(guint64\)183105\;", "rist/x-sender-session-stats\,\ session-id\=\(int\)3\,\ sent-original-packets\=\(guint64\)2072\,\ sent-retransmitted-packets\=\(guint64\)46\,\ round-trip-time\=\(guint64\)152587\;" >;
ristsink0: rist/x-sender-stats, sent-original-packets=(guint64)10550, sent-retransmitted-packets=(guint64)358, session-stats=(GValueArray)< "rist/x-sender-session-stats\,\ session-id\=\(int\)0\,\ sent-original-packets\=\(guint64\)3391\,\ sent-retransmitted-packets\=\(guint64\)138\,\ round-trip-time\=\(guint64\)122070\;", "rist/x-sender-session-stats\,\ session-id\=\(int\)1\,\ sent-original-packets\=\(guint64\)2742\,\ sent-retransmitted-packets\=\(guint64\)113\,\ round-trip-time\=\(guint64\)122070\;", "rist/x-sender-session-stats\,\ session-id\=\(int\)2\,\ sent-original-packets\=\(guint64\)2316\,\ sent-retransmitted-packets\=\(guint64\)61\,\ round-trip-time\=\(guint64\)137329\;", "rist/x-sender-session-stats\,\ session-id\=\(int\)3\,\ sent-original-packets\=\(guint64\)2101\,\ sent-retransmitted-packets\=\(guint64\)46\,\ round-trip-time\=\(guint64\)152587\;" >;
weights update: [0.32186246982750755, 0.26621727051531063, 0.2240724815733178, 0.1878477780838642]
ristsink0: rist/x-sender-stats, sent-original-packets=(guint64)10685, sent-retransmitted-packets=(guint64)361, session-stats=(GValueArray)< "rist/x-sender-session-stats\,\ session-id\=\(int\)0\,\ sent-original-packets\=\(guint64\)3433\,\ sent-retransmitted-packets\=\(guint64\)141\,\ round-trip-time\=\(guint64\)152587\;", "rist/x-sender-session-stats\,\ session-id\=\(int\)1\,\ sent-original-packets\=\(guint64\)2780\,\ sent-retransmitted-packets\=\(guint64\)113\,\ round-trip-time\=\(guint64\)122070\;", "rist/x-sender-session-stats\,\ session-id\=\(int\)2\,\ sent-original-packets\=\(guint64\)2346\,\ sent-retransmitted-packets\=\(guint64\)61\,\ round-trip-time\=\(guint64\)122070\;", "rist/x-sender-session-stats\,\ session-id\=\(int\)3\,\ sent-original-packets\=\(guint64\)2126\,\ sent-retransmitted-packets\=\(guint64\)46\,\ round-trip-time\=\(guint64\)137329\;" >;
ristsink0: rist/x-sender-stats, sent-original-packets=(guint64)10820, sent-retransmitted-packets=(guint64)366, session-stats=(GValueArray)< "rist/x-sender-session-stats\,\ session-id\=\(int\)0\,\ sent-original-packets\=\(guint64\)3478\,\ sent-retransmitted-packets\=\(guint64\)146\,\ round-trip-time\=\(guint64\)167846\;", "rist/x-sender-session-stats\,\ session-id\=\(int\)1\,\ sent-original-packets\=\(guint64\)2817\,\ sent-retransmitted-packets\=\(guint64\)113\,\ round-trip-time\=\(guint64\)137329\;", "rist/x-sender-session-stats\,\ session-id\=\(int\)2\,\ sent-original-packets\=\(guint64\)2375\,\ sent-retransmitted-packets\=\(guint64\)61\,\ round-trip-time\=\(guint64\)152587\;", "rist/x-sender-session-stats\,\ session-id\=\(int\)3\,\ sent-original-packets\=\(guint64\)2150\,\ sent-retransmitted-packets\=\(guint64\)46\,\ round-trip-time\=\(guint64\)137329\;" >;
weights update: [0.2948570814311849, 0.3001586857504055, 0.22122487096635823, 0.1837593618520513]
ristsink0: rist/x-sender-stats, sent-original-packets=(guint64)10928, sent-retransmitted-packets=(guint64)367, session-stats=(GValueArray)< "rist/x-sender-session-stats\,\ session-id\=\(int\)0\,\ sent-original-packets\=\(guint64\)3515\,\ sent-retransmitted-packets\=\(guint64\)146\,\ round-trip-time\=\(guint64\)137329\;", "rist/x-sender-session-stats\,\ session-id\=\(int\)1\,\ sent-original-packets\=\(guint64\)2849\,\ sent-retransmitted-packets\=\(guint64\)113\,\ round-trip-time\=\(guint64\)137329\;", "rist/x-sender-session-stats\,\ session-id\=\(int\)2\,\ sent-original-packets\=\(guint64\)2396\,\ sent-retransmitted-packets\=\(guint64\)61\,\ round-trip-time\=\(guint64\)122070\;", "rist/x-sender-session-stats\,\ session-id\=\(int\)3\,\ sent-original-packets\=\(guint64\)2168\,\ sent-retransmitted-packets\=\(guint64\)47\,\ round-trip-time\=\(guint64\)106811\;" >;
weights update: [0.2913427067062314, 0.3119111005194113, 0.21670049579488687, 0.18004569697947043]
ristsink0: rist/x-sender-stats, sent-original-packets=(guint64)11036, sent-retransmitted-packets=(guint64)370, session-stats=(GValueArray)< "rist/x-sender-session-stats\,\ session-id\=\(int\)0\,\ sent-original-packets\=\(guint64\)3547\,\ sent-retransmitted-packets\=\(guint64\)147\,\ round-trip-time\=\(guint64\)122070\;", "rist/x-sender-session-stats\,\ session-id\=\(int\)1\,\ sent-original-packets\=\(guint64\)2886\,\ sent-retransmitted-packets\=\(guint64\)114\,\ round-trip-time\=\(guint64\)137329\;", "rist/x-sender-session-stats\,\ session-id\=\(int\)2\,\ sent-original-packets\=\(guint64\)2417\,\ sent-retransmitted-packets\=\(guint64\)62\,\ round-trip-time\=\(guint64\)152587\;", "rist/x-sender-session-stats\,\ session-id\=\(int\)3\,\ sent-original-packets\=\(guint64\)2186\,\ sent-retransmitted-packets\=\(guint64\)47\,\ round-trip-time\=\(guint64\)198364\;" >;
weights update: [0.29413368781721544, 0.2905916321012097, 0.23458458368166263, 0.18069009639991215]
ristsink0: rist/x-sender-stats, sent-original-packets=(guint64)11159, sent-retransmitted-packets=(guint64)374, session-stats=(GValueArray)< "rist/x-sender-session-stats\,\ session-id\=\(int\)0\,\ sent-original-packets\=\(guint64\)3585\,\ sent-retransmitted-packets\=\(guint64\)148\,\ round-trip-time\=\(guint64\)122070\;", "rist/x-sender-session-stats\,\ session-id\=\(int\)1\,\ sent-original-packets\=\(guint64\)2924\,\ sent-retransmitted-packets\=\(guint64\)116\,\ round-trip-time\=\(guint64\)122070\;", "rist/x-sender-session-stats\,\ session-id\=\(int\)2\,\ sent-original-packets\=\(guint64\)2443\,\ sent-retransmitted-packets\=\(guint64\)63\,\ round-trip-time\=\(guint64\)122070\;", "rist/x-sender-session-stats\,\ session-id\=\(int\)3\,\ sent-original-packets\=\(guint64\)2207\,\ sent-retransmitted-packets\=\(guint64\)47\,\ round-trip-time\=\(guint64\)152587\;" >;
ristsink0: rist/x-sender-stats, sent-original-packets=(guint64)11286, sent-retransmitted-packets=(guint64)376, session-stats=(GValueArray)< "rist/x-sender-session-stats\,\ session-id\=\(int\)0\,\ sent-original-packets\=\(guint64\)3625\,\ sent-retransmitted-packets\=\(guint64\)150\,\ round-trip-time\=\(guint64\)122070\;", "rist/x-sender-session-stats\,\ session-id\=\(int\)1\,\ sent-original-packets\=\(guint64\)2961\,\ sent-retransmitted-packets\=\(guint64\)116\,\ round-trip-time\=\(guint64\)137329\;", "rist/x-sender-session-stats\,\ session-id\=\(int\)2\,\ sent-original-packets\=\(guint64\)2472\,\ sent-retransmitted-packets\=\(guint64\)63\,\ round-trip-time\=\(guint64\)152587\;", "rist/x-sender-session-stats\,\ session-id\=\(int\)3\,\ sent-original-packets\=\(guint64\)2228\,\ sent-retransmitted-packets\=\(guint64\)47\,\ round-trip-time\=\(guint64\)137329\;" >;
weights update: [0.2990451646252646, 0.2802462743194271, 0.21886313154349643, 0.20184542951181184]
ristsink0: rist/x-sender-stats, sent-original-packets=(guint64)11409, sent-retransmitted-packets=(guint64)382, session-stats=(GValueArray)< "rist/x-sender-session-stats\,\ session-id\=\(int\)0\,\ sent-original-packets\=\(guint64\)3664\,\ sent-retransmitted-packets\=\(guint64\)151\,\ round-trip-time\=\(guint64\)122070\;", "rist/x-sender-session-stats\,\ session-id\=\(int\)1\,\ sent-original-packets\=\(guint64\)2994\,\ sent-retransmitted-packets\=\(guint64\)120\,\ round-trip-time\=\(guint64\)167846\;", "rist/x-sender-session-stats\,\ session-id\=\(int\)2\,\ sent-original-packets\=\(guint64\)2500\,\ sent-retransmitted-packets\=\(guint64\)64\,\ round-trip-time\=\(guint64\)137329\;", "rist/x-sender-session-stats\,\ session-id\=\(int\)3\,\ sent-original-packets\=\(guint64\)2251\,\ sent-retransmitted-packets\=\(guint64\)47\,\ round-trip-time\=\(guint64\)137329\;" >;
ristsink0: rist/x-sender-stats, sent-original-packets=(guint64)11534, sent-retransmitted-packets=(guint64)383, session-stats=(GValueArray)< "rist/x-sender-session-stats\,\ session-id\=\(int\)0\,\ sent-original-packets\=\(guint64\)3703\,\ sent-retransmitted-packets\=\(guint64\)151\,\ round-trip-time\=\(guint64\)137329\;", "rist/x-sender-session-stats\,\ session-id\=\(int\)1\,\ sent-original-packets\=\(guint64\)3031\,\ sent-retransmitted-packets\=\(guint64\)121\,\ round-trip-time\=\(guint64\)137329\;", "rist/x-sender-session-stats\,\ session-id\=\(int\)2\,\ sent-original-packets\=\(guint64\)2526\,\ sent-retransmitted-packets\=\(guint64\)64\,\ round-trip-time\=\(guint64\)106811\;", "rist/x-sender-session-stats\,\ session-id\=\(int\)3\,\ sent-original-packets\=\(guint64\)2274\,\ sent-retransmitted-packets\=\(guint64\)47\,\ round-trip-time\=\(guint64\)122070\;" >;
weights update: [0.33015229862000295, 0.2694680259873488, 0.21457534694486927, 0.185804328447779]
ristsink0: rist/x-sender-stats, sent-original-packets=(guint64)11659, sent-retransmitted-packets=(guint64)384, session-stats=(GValueArray)< "rist/x-sender-session-stats\,\ session-id\=\(int\)0\,\ sent-original-packets\=\(guint64\)3744\,\ sent-retransmitted-packets\=\(guint64\)151\,\ round-trip-time\=\(guint64\)152587\;", "rist/x-sender-session-stats\,\ session-id\=\(int\)1\,\ sent-original-packets\=\(guint64\)3065\,\ sent-retransmitted-packets\=\(guint64\)122\,\ round-trip-time\=\(guint64\)137329\;", "rist/x-sender-session-stats\,\ session-id\=\(int\)2\,\ sent-original-packets\=\(guint64\)2553\,\ sent-retransmitted-packets\=\(guint64\)64\,\ round-trip-time\=\(guint64\)137329\;", "rist/x-sender-session-stats\,\ session-id\=\(int\)3\,\ sent-original-packets\=\(guint64\)2297\,\ sent-retransmitted-packets\=\(guint64\)47\,\ round-trip-time\=\(guint64\)152587\;" >;
ristsink0: rist/x-sender-stats, sent-original-packets=(guint64)11786, sent-retransmitted-packets=(guint64)388, session-stats=(GValueArray)< "rist/x-sender-session-stats\,\ session-id\=\(int\)0\,\ sent-original-packets\=\(guint64\)3788\,\ sent-retransmitted-packets\=\(guint64\)154\,\ round-trip-time\=\(guint64\)122070\;", "rist/x-sender-session-stats\,\ session-id\=\(int\)1\,\ sent-original-packets\=\(guint64\)3100\,\ sent-retransmitted-packets\=\(guint64\)123\,\ round-trip-time\=\(guint64\)137329\;", "rist/x-sender-session-stats\,\ session-id\=\(int\)2\,\ sent-original-packets\=\(guint64\)2579\,\ sent-retransmitted-packets\=\(guint64\)64\,\ round-trip-time\=\(guint64\)137329\;", "rist/x-sender-session-stats\,\ session-id\=\(int\)3\,\ sent-original-packets\=\(guint64\)2319\,\ sent-retransmitted-packets\=\(guint64\)47\,\ round-trip-time\=\(guint64\)137329\;" >;
weights update: [0.30246853881925645, 0.29629511396829017, 0.21557356552469764, 0.18566278168775568]
ristsink0: rist/x-sender-stats, sent-original-packets=(guint64)11913, sent-retransmitted-packets=(guint64)396, session-stats=(GValueArray)< "rist/x-sender-session-stats\,\ session-id\=\(int\)0\,\ sent-original-packets\=\(guint64\)3831\,\ sent-retransmitted-packets\=\(guint64\)158\,\ round-trip-time\=\(guint64\)122070\;", "rist/x-sender-session-stats\,\ session-id\=\(int\)1\,\ sent-original-packets\=\(guint64\)3135\,\ sent-retransmitted-packets\=\(guint64\)126\,\ round-trip-time\=\(guint64\)152587\;", "rist/x-sender-session-stats\,\ session-id\=\(int\)2\,\ sent-original-packets\=\(guint64\)2606\,\ sent-retransmitted-packets\=\(guint64\)65\,\ round-trip-time\=\(guint64\)183105\;", "rist/x-sender-session-stats\,\ session-id\=\(int\)3\,\ sent-original-packets\=\(guint64\)2341\,\ sent-retransmitted-packets\=\(guint64\)47\,\ round-trip-time\=\(guint64\)122070\;" >;
ristsink0: rist/x-sender-stats, sent-original-packets=(guint64)12036, sent-retransmitted-packets=(guint64)401, session-stats=(GValueArray)< "rist/x-sender-session-stats\,\ session-id\=\(int\)0\,\ sent-original-packets\=\(guint64\)3868\,\ sent-retransmitted-packets\=\(guint64\)159\,\ round-trip-time\=\(guint64\)137329\;", "rist/x-sender-session-stats\,\ session-id\=\(int\)1\,\ sent-original-packets\=\(guint64\)3173\,\ sent-retransmitted-packets\=\(guint64\)130\,\ round-trip-time\=\(guint64\)137329\;", "rist/x-sender-session-stats\,\ session-id\=\(int\)2\,\ sent-original-packets\=\(guint64\)2632\,\ sent-retransmitted-packets\=\(guint64\)65\,\ round-trip-time\=\(guint64\)137329\;", "rist/x-sender-session-stats\,\ session-id\=\(int\)3\,\ sent-original-packets\=\(guint64\)2363\,\ sent-retransmitted-packets\=\(guint64\)47\,\ round-trip-time\=\(guint64\)152587\;" >;
weights update: [0.3042020644203429, 0.26920557291994746, 0.2398548614080336, 0.186737501251676]
ristsink0: rist/x-sender-stats, sent-original-packets=(guint64)12161, sent-retransmitted-packets=(guint64)403, session-stats=(GValueArray)< "rist/x-sender-session-stats\,\ session-id\=\(int\)0\,\ sent-original-packets\=\(guint64\)3910\,\ sent-retransmitted-packets\=\(guint64\)160\,\ round-trip-time\=\(guint64\)137329\;", "rist/x-sender-session-stats\,\ session-id\=\(int\)1\,\ sent-original-packets\=\(guint64\)3208\,\ sent-retransmitted-packets\=\(guint64\)131\,\ round-trip-time\=\(guint64\)122070\;", "rist/x-sender-session-stats\,\ session-id\=\(int\)2\,\ sent-original-packets\=\(guint64\)2658\,\ sent-retransmitted-packets\=\(guint64\)65\,\ round-trip-time\=\(guint64\)137329\;", "rist/x-sender-session-stats\,\ session-id\=\(int\)3\,\ sent-original-packets\=\(guint64\)2385\,\ sent-retransmitted-packets\=\(guint64\)47\,\ round-trip-time\=\(guint64\)137329\;" >;
ristsink0: rist/x-sender-stats, sent-original-packets=(guint64)12286, sent-retransmitted-packets=(guint64)405, session-stats=(GValueArray)< "rist/x-sender-session-stats\,\ session-id\=\(int\)0\,\ sent-original-packets\=\(guint64\)3951\,\ sent-retransmitted-packets\=\(guint64\)160\,\ round-trip-time\=\(guint64\)137329\;", "rist/x-sender-session-stats\,\ session-id\=\(int\)1\,\ sent-original-packets\=\(guint64\)3243\,\ sent-retransmitted-packets\=\(guint64\)133\,\ round-trip-time\=\(guint64\)152587\;", "rist/x-sender-session-stats\,\ session-id\=\(int\)2\,\ sent-original-packets\=\(guint64\)2686\,\ sent-retransmitted-packets\=\(guint64\)65\,\ round-trip-time\=\(guint64\)503540\;", "rist/x-sender-session-stats\,\ session-id\=\(int\)3\,\ sent-original-packets\=\(guint64\)2406\,\ sent-retransmitted-packets\=\(guint64\)47\,\ round-trip-time\=\(guint64\)137329\;" >;
weights update: [0.31030544868330073, 0.25976633522076853, 0.22346991549371523, 0.20645830060221543]
ristsink0: rist/x-sender-stats, sent-original-packets=(guint64)12413, sent-retransmitted-packets=(guint64)407, session-stats=(GValueArray)< "rist/x-sender-session-stats\,\ session-id\=\(int\)0\,\ sent-original-packets\=\(guint64\)3992\,\ sent-retransmitted-packets\=\(guint64\)160\,\ round-trip-time\=\(guint64\)152587\;", "rist/x-sender-session-stats\,\ session-id\=\(int\)1\,\ sent-original-packets\=\(guint64\)3277\,\ sent-retransmitted-packets\=\(guint64\)135\,\ round-trip-time\=\(guint64\)167846\;", "rist/x-sender-session-stats\,\ session-id\=\(int\)2\,\ sent-original-packets\=\(guint64\)2714\,\ sent-retransmitted-packets\=\(guint64\)65\,\ round-trip-time\=\(guint64\)122070\;", "rist/x-sender-session-stats\,\ session-id\=\(int\)3\,\ sent-original-packets\=\(guint64\)2430\,\ sent-retransmitted-packets\=\(guint64\)47\,\ round-trip-time\=\(guint64\)137329\;" >;
ristsink0: rist/x-sender-stats, sent-original-packets=(guint64)12538, sent-retransmitted-packets=(guint64)412, session-stats=(GValueArray)< "rist/x-sender-session-stats\,\ session-id\=\(int\)0\,\ sent-original-packets\=\(guint64\)4033\,\ sent-retransmitted-packets\=\(guint64\)164\,\ round-trip-time\=\(guint64\)137329\;", "rist/x-sender-session-stats\,\ session-id\=\(int\)1\,\ sent-original-packets\=\(guint64\)3310\,\ sent-retransmitted-packets\=\(guint64\)135\,\ round-trip-time\=\(guint64\)122070\;", "rist/x-sender-session-stats\,\ session-id\=\(int\)2\,\ sent-original-packets\=\(guint64\)2741\,\ sent-retransmitted-packets\=\(guint64\)65\,\ round-trip-time\=\(guint64\)137329\;", "rist/x-sender-session-stats\,\ session-id\=\(int\)3\,\ sent-original-packets\=\(guint64\)2454\,\ sent-retransmitted-packets\=\(guint64\)48\,\ round-trip-time\=\(guint64\)152587\;" >;
weights update: [0.3339566040735899, 0.25747441669232335, 0.21815433512864513, 0.19041464410544165]
ristsink0: rist/x-sender-stats, sent-original-packets=(guint64)12684, sent-retransmitted-packets=(guint64)413, session-stats=(GValueArray)< "rist/x-sender-session-stats\,\ session-id\=\(int\)0\,\ sent-original-packets\=\(guint64\)4080\,\ sent-retransmitted-packets\=\(guint64\)165\,\ round-trip-time\=\(guint64\)152587\;", "rist/x-sender-session-stats\,\ session-id\=\(int\)1\,\ sent-original-packets\=\(guint64\)3349\,\ sent-retransmitted-packets\=\(guint64\)135\,\ round-trip-time\=\(guint64\)122070\;", "rist/x-sender-session-stats\,\ session-id\=\(int\)2\,\ sent-original-packets\=\(guint64\)2772\,\ sent-retransmitted-packets\=\(guint64\)65\,\ round-trip-time\=\(guint64\)152587\;", "rist/x-sender-session-stats\,\ session-id\=\(int\)3\,\ sent-original-packets\=\(guint64\)2483\,\ sent-retransmitted-packets\=\(guint64\)48\,\ round-trip-time\=\(guint64\)137329\;" >;
ristsink0: rist/x-sender-stats, sent-original-packets=(guint64)12819, sent-retransmitted-packets=(guint64)416, session-stats=(GValueArray)< "rist/x-sender-session-stats\,\ session-id\=\(int\)0\,\ sent-original-packets\=\(guint64\)4126\,\ sent-retransmitted-packets\=\(guint64\)167\,\ round-trip-time\=\(guint64\)0\;", "rist/x-sender-session-stats\,\ session-id\=\(int\)1\,\ sent-original-packets\=\(guint64\)3384\,\ sent-retransmitted-packets\=\(guint64\)135\,\ round-trip-time\=\(guint64\)0\;", "rist/x-sender-session-stats\,\ session-id\=\(int\)2\,\ sent-original-packets\=\(guint64\)2802\,\ sent-retransmitted-packets\=\(guint64\)66\,\ round-trip-time\=\(guint64\)0\;", "rist/x-sender-session-stats\,\ session-id\=\(int\)3\,\ sent-original-packets\=\(guint64\)2507\,\ sent-retransmitted-packets\=\(guint64\)48\,\ round-trip-time\=\(guint64\)0\;" >;
weights update: [0.30168107317168474, 0.2910570722472513, 0.216892147179647, 0.1903697074014171]
ristsink0: rist/x-sender-stats, sent-original-packets=(guint64)12938, sent-retransmitted-packets=(guint64)424, session-stats=(GValueArray)< "rist/x-sender-session-stats\,\ session-id\=\(int\)0\,\ sent-original-packets\=\(guint64\)4166\,\ sent-retransmitted-packets\=\(guint64\)172\,\ round-trip-time\=\(guint64\)0\;", "rist/x-sender-session-stats\,\ session-id\=\(int\)1\,\ sent-original-packets\=\(guint64\)3416\,\ sent-retransmitted-packets\=\(guint64\)136\,\ round-trip-time\=\(guint64\)0\;", "rist/x-sender-session-stats\,\ session-id\=\(int\)2\,\ sent-original-packets\=\(guint64\)2827\,\ sent-retransmitted-packets\=\(guint64\)67\,\ round-trip-time\=\(guint64\)0\;", "rist/x-sender-session-stats\,\ session-id\=\(int\)3\,\ sent-original-packets\=\(guint64\)2529\,\ sent-retransmitted-packets\=\(guint64\)49\,\ round-trip-time\=\(guint64\)0\;" >;
ristsink0: rist/x-sender-stats, sent-original-packets=(guint64)13043, sent-retransmitted-packets=(guint64)429, session-stats=(GValueArray)< "rist/x-sender-session-stats\,\ session-id\=\(int\)0\,\ sent-original-packets\=\(guint64\)4203\,\ sent-retransmitted-packets\=\(guint64\)173\,\ round-trip-time\=\(guint64\)0\;", "rist/x-sender-session-stats\,\ session-id\=\(int\)1\,\ sent-original-packets\=\(guint64\)3445\,\ sent-retransmitted-packets\=\(guint64\)137\,\ round-trip-time\=\(guint64\)0\;", "rist/x-sender-session-stats\,\ session-id\=\(int\)2\,\ sent-original-packets\=\(guint64\)2847\,\ sent-retransmitted-packets\=\(guint64\)70\,\ round-trip-time\=\(guint64\)0\;", "rist/x-sender-session-stats\,\ session-id\=\(int\)3\,\ sent-original-packets\=\(guint64\)2548\,\ sent-retransmitted-packets\=\(guint64\)49\,\ round-trip-time\=\(guint64\)0\;" >;
weights update: [0.31695822241560856, 0.2642215157033902, 0.22568628917846695, 0.1931339727025344]
ristsink0: rist/x-sender-stats, sent-original-packets=(guint64)13164, sent-retransmitted-packets=(guint64)436, session-stats=(GValueArray)< "rist/x-sender-session-stats\,\ session-id\=\(int\)0\,\ sent-original-packets\=\(guint64\)4243\,\ sent-retransmitted-packets\=\(guint64\)174\,\ round-trip-time\=\(guint64\)0\;", "rist/x-sender-session-stats\,\ session-id\=\(int\)1\,\ sent-original-packets\=\(guint64\)3479\,\ sent-retransmitted-packets\=\(guint64\)142\,\ round-trip-time\=\(guint64\)0\;", "rist/x-sender-session-stats\,\ session-id\=\(int\)2\,\ sent-original-packets\=\(guint64\)2872\,\ sent-retransmitted-packets\=\(guint64\)71\,\ round-trip-time\=\(guint64\)0\;", "rist/x-sender-session-stats\,\ session-id\=\(int\)3\,\ sent-original-packets\=\(guint64\)2570\,\ sent-retransmitted-packets\=\(guint64\)49\,\ round-trip-time\=\(guint64\)0\;" >;
ristsink0: rist/x-sender-stats, sent-original-packets=(guint64)13287, sent-retransmitted-packets=(guint64)438, session-stats=(GValueArray)< "rist/x-sender-session-stats\,\ session-id\=\(int\)0\,\ sent-original-packets\=\(guint64\)4283\,\ sent-retransmitted-packets\=\(guint64\)176\,\ round-trip-time\=\(guint64\)0\;", "rist/x-sender-session-stats\,\ session-id\=\(int\)1\,\ sent-original-packets\=\(guint64\)3513\,\ sent-retransmitted-packets\=\(guint64\)142\,\ round-trip-time\=\(guint64\)0\;", "rist/x-sender-session-stats\,\ session-id\=\(int\)2\,\ sent-original-packets\=\(guint64\)2900\,\ sent-retransmitted-packets\=\(guint64\)71\,\ round-trip-time\=\(guint64\)0\;", "rist/x-sender-session-stats\,\ session-id\=\(int\)3\,\ sent-original-packets\=\(guint64\)2591\,\ sent-retransmitted-packets\=\(guint64\)49\,\ round-trip-time\=\(guint64\)0\;" >;
weights update: [0.3130660644555845, 0.2647253867151381, 0.2157156808186739, 0.20649286801060365]
ristsink0: rist/x-sender-stats, sent-original-packets=(guint64)13414, sent-retransmitted-packets=(guint64)440, session-stats=(GValueArray)< "rist/x-sender-session-stats\,\ session-id\=\(int\)0\,\ sent-original-packets\=\(guint64\)4324\,\ sent-retransmitted-packets\=\(guint64\)176\,\ round-trip-time\=\(guint64\)0\;", "rist/x-sender-session-stats\,\ session-id\=\(int\)1\,\ sent-original-packets\=\(guint64\)3548\,\ sent-retransmitted-packets\=\(guint64\)142\,\ round-trip-time\=\(guint64\)0\;", "rist/x-sender-session-stats\,\ session-id\=\(int\)2\,\ sent-original-packets\=\(guint64\)2927\,\ sent-retransmitted-packets\=\(guint64\)71\,\ round-trip-time\=\(guint64\)0\;", "rist/x-sender-session-stats\,\ session-id\=\(int\)3\,\ sent-original-packets\=\(guint64\)2615\,\ sent-retransmitted-packets\=\(guint64\)51\,\ round-trip-time\=\(guint64\)0\;" >;
ristsink0: rist/x-sender-stats, sent-original-packets=(guint64)13539, sent-retransmitted-packets=(guint64)443, session-stats=(GValueArray)< "rist/x-sender-session-stats\,\ session-id\=\(int\)0\,\ sent-original-packets\=\(guint64\)4364\,\ sent-retransmitted-packets\=\(guint64\)178\,\ round-trip-time\=\(guint64\)0\;", "rist/x-sender-session-stats\,\ session-id\=\(int\)1\,\ sent-original-packets\=\(guint64\)3583\,\ sent-retransmitted-packets\=\(guint64\)143\,\ round-trip-time\=\(guint64\)0\;", "rist/x-sender-session-stats\,\ session-id\=\(int\)2\,\ sent-original-packets\=\(guint64\)2953\,\ sent-retransmitted-packets\=\(guint64\)71\,\ round-trip-time\=\(guint64\)0\;", "rist/x-sender-session-stats\,\ session-id\=\(int\)3\,\ sent-original-packets\=\(guint64\)2639\,\ sent-retransmitted-packets\=\(guint64\)51\,\ round-trip-time\=\(guint64\)0\;" >;
weights update: [0.33445047178260356, 0.26377184759369177, 0.21032344809452344, 0.19145423252918145]
ristsink0: rist/x-sender-stats, sent-original-packets=(guint64)13662, sent-retransmitted-packets=(guint64)446, session-stats=(GValueArray)< "rist/x-sender-session-stats\,\ session-id\=\(int\)0\,\ sent-original-packets\=\(guint64\)4404\,\ sent-retransmitted-packets\=\(guint64\)181\,\ round-trip-time\=\(guint64\)0\;", "rist/x-sender-session-stats\,\ session-id\=\(int\)1\,\ sent-original-packets\=\(guint64\)3617\,\ sent-retransmitted-packets\=\(guint64\)143\,\ round-trip-time\=\(guint64\)0\;", "rist/x-sender-session-stats\,\ session-id\=\(int\)2\,\ sent-original-packets\=\(guint64\)2979\,\ sent-retransmitted-packets\=\(guint64\)71\,\ round-trip-time\=\(guint64\)0\;", "rist/x-sender-session-stats\,\ session-id\=\(int\)3\,\ sent-original-packets\=\(guint64\)2662\,\ sent-retransmitted-packets\=\(guint64\)51\,\ round-trip-time\=\(guint64\)0\;" >;
ristsink0: rist/x-sender-stats, sent-original-packets=(guint64)13791, sent-retransmitted-packets=(guint64)448, session-stats=(GValueArray)< "rist/x-sender-session-stats\,\ session-id\=\(int\)0\,\ sent-original-packets\=\(guint64\)4447\,\ sent-retransmitted-packets\=\(guint64\)182\,\ round-trip-time\=\(guint64\)0\;", "rist/x-sender-session-stats\,\ session-id\=\(int\)1\,\ sent-original-packets\=\(guint64\)3652\,\ sent-retransmitted-packets\=\(guint64\)143\,\ round-trip-time\=\(guint64\)0\;", "rist/x-sender-session-stats\,\ session-id\=\(int\)2\,\ sent-original-packets\=\(guint64\)3005\,\ sent-retransmitted-packets\=\(guint64\)72\,\ round-trip-time\=\(guint64\)0\;", "rist/x-sender-session-stats\,\ session-id\=\(int\)3\,\ sent-original-packets\=\(guint64\)2687\,\ sent-retransmitted-packets\=\(guint64\)51\,\ round-trip-time\=\(guint64\)0\;" >;
weights update: [0.3080231655365462, 0.2988123501580813, 0.2034807554568486, 0.1896837288485239]
ristsink0: rist/x-sender-stats, sent-original-packets=(guint64)13912, sent-retransmitted-packets=(guint64)451, session-stats=(GValueArray)< "rist/x-sender-session-stats\,\ session-id\=\(int\)0\,\ sent-original-packets\=\(guint64\)4487\,\ sent-retransmitted-packets\=\(guint64\)183\,\ round-trip-time\=\(guint64\)0\;", "rist/x-sender-session-stats\,\ session-id\=\(int\)1\,\ sent-original-packets\=\(guint64\)3687\,\ sent-retransmitted-packets\=\(guint64\)143\,\ round-trip-time\=\(guint64\)0\;", "rist/x-sender-session-stats\,\ session-id\=\(int\)2\,\ sent-original-packets\=\(guint64\)3030\,\ sent-retransmitted-packets\=\(guint64\)74\,\ round-trip-time\=\(guint64\)0\;", "rist/x-sender-session-stats\,\ session-id\=\(int\)3\,\ sent-original-packets\=\(guint64\)2708\,\ sent-retransmitted-packets\=\(guint64\)51\,\ round-trip-time\=\(guint64\)0\;" >;
ristsink0: rist/x-sender-stats, sent-original-packets=(guint64)14041, sent-retransmitted-packets=(guint64)458, session-stats=(GValueArray)< "rist/x-sender-session-stats\,\ session-id\=\(int\)0\,\ sent-original-packets\=\(guint64\)4527\,\ sent-retransmitted-packets\=\(guint64\)188\,\ round-trip-time\=\(guint64\)0\;", "rist/x-sender-session-stats\,\ session-id\=\(int\)1\,\ sent-original-packets\=\(guint64\)3728\,\ sent-retransmitted-packets\=\(guint64\)145\,\ round-trip-time\=\(guint64\)0\;", "rist/x-sender-session-stats\,\ session-id\=\(int\)2\,\ sent-original-packets\=\(guint64\)3055\,\ sent-retransmitted-packets\=\(guint64\)74\,\ round-trip-time\=\(guint64\)0\;", "rist/x-sender-session-stats\,\ session-id\=\(int\)3\,\ sent-original-packets\=\(guint64\)2731\,\ sent-retransmitted-packets\=\(guint64\)51\,\ round-trip-time\=\(guint64\)0\;" >;
weights update: [0.2965687717079835, 0.28924050492658626, 0.22533729804122277, 0.18885342532420749]
ristsink0: rist/x-sender-stats, sent-original-packets=(guint64)14168, sent-retransmitted-packets=(guint64)461, session-stats=(GValueArray)< "rist/x-sender-session-stats\,\ session-id\=\(int\)0\,\ sent-original-packets\=\(guint64\)4566\,\ sent-retransmitted-packets\=\(guint64\)188\,\ round-trip-time\=\(guint64\)0\;", "rist/x-sender-session-stats\,\ session-id\=\(int\)1\,\ sent-original-packets\=\(guint64\)3769\,\ sent-retransmitted-packets\=\(guint64\)146\,\ round-trip-time\=\(guint64\)0\;", "rist/x-sender-session-stats\,\ session-id\=\(int\)2\,\ sent-original-packets\=\(guint64\)3080\,\ sent-retransmitted-packets\=\(guint64\)75\,\ round-trip-time\=\(guint64\)0\;", "rist/x-sender-session-stats\,\ session-id\=\(int\)3\,\ sent-original-packets\=\(guint64\)2753\,\ sent-retransmitted-packets\=\(guint64\)52\,\ round-trip-time\=\(guint64\)0\;" >;
ristsink0: rist/x-sender-stats, sent-original-packets=(guint64)14289, sent-retransmitted-packets=(guint64)465, session-stats=(GValueArray)< "rist/x-sender-session-stats\,\ session-id\=\(int\)0\,\ sent-original-packets\=\(guint64\)4602\,\ sent-retransmitted-packets\=\(guint64\)189\,\ round-trip-time\=\(guint64\)0\;", "rist/x-sender-session-stats\,\ session-id\=\(int\)1\,\ sent-original-packets\=\(guint64\)3807\,\ sent-retransmitted-packets\=\(guint64\)148\,\ round-trip-time\=\(guint64\)0\;", "rist/x-sender-session-stats\,\ session-id\=\(int\)2\,\ sent-original-packets\=\(guint64\)3106\,\ sent-retransmitted-packets\=\(guint64\)76\,\ round-trip-time\=\(guint64\)0\;", "rist/x-sender-session-stats\,\ session-id\=\(int\)3\,\ sent-original-packets\=\(guint64\)2774\,\ sent-retransmitted-packets\=\(guint64\)52\,\ round-trip-time\=\(guint64\)0\;" >;
weights update: [0.30005965886493047, 0.28610680558820667, 0.21077699251150708, 0.20305654303535584]
ristsink0: rist/x-sender-stats, sent-original-packets=(guint64)14414, sent-retransmitted-packets=(guint64)469, session-stats=(GValueArray)< "rist/x-sender-session-stats\,\ session-id\=\(int\)0\,\ sent-original-packets\=\(guint64\)4642\,\ sent-retransmitted-packets\=\(guint64\)189\,\ round-trip-time\=\(guint64\)0\;", "rist/x-sender-session-stats\,\ session-id\=\(int\)1\,\ sent-original-packets\=\(guint64\)3843\,\ sent-retransmitted-packets\=\(guint64\)150\,\ round-trip-time\=\(guint64\)0\;", "rist/x-sender-session-stats\,\ session-id\=\(int\)2\,\ sent-original-packets\=\(guint64\)3132\,\ sent-retransmitted-packets\=\(guint64\)76\,\ round-trip-time\=\(guint64\)0\;", "rist/x-sender-session-stats\,\ session-id\=\(int\)3\,\ sent-original-packets\=\(guint64\)2797\,\ sent-retransmitted-packets\=\(guint64\)54\,\ round-trip-time\=\(guint64\)0\;" >;
ristsink0: rist/x-sender-stats, sent-original-packets=(guint64)14537, sent-retransmitted-packets=(guint64)472, session-stats=(GValueArray)< "rist/x-sender-session-stats\,\ session-id\=\(int\)0\,\ sent-original-packets\=\(guint64\)4679\,\ sent-retransmitted-packets\=\(guint64\)190\,\ round-trip-time\=\(guint64\)0\;", "rist/x-sender-session-stats\,\ session-id\=\(int\)1\,\ sent-original-packets\=\(guint64\)3881\,\ sent-retransmitted-packets\=\(guint64\)151\,\ round-trip-time\=\(guint64\)0\;", "rist/x-sender-session-stats\,\ session-id\=\(int\)2\,\ sent-original-packets\=\(guint64\)3157\,\ sent-retransmitted-packets\=\(guint64\)76\,\ round-trip-time\=\(guint64\)0\;", "rist/x-sender-session-stats\,\ session-id\=\(int\)3\,\ sent-original-packets\=\(guint64\)2820\,\ sent-retransmitted-packets\=\(guint64\)55\,\ round-trip-time\=\(guint64\)0\;" >;
weights update: [0.328751375590299, 0.2815503324225563, 0.20605155922154433, 0.1836467327656004]
ristsink0: rist/x-sender-stats, sent-original-packets=(guint64)14677, sent-retransmitted-packets=(guint64)473, session-stats=(GValueArray)< "rist/x-sender-session-stats\,\ session-id\=\(int\)0\,\ sent-original-packets\=\(guint64\)4724\,\ sent-retransmitted-packets\=\(guint64\)191\,\ round-trip-time\=\(guint64\)0\;", "rist/x-sender-session-stats\,\ session-id\=\(int\)1\,\ sent-original-packets\=\(guint64\)3922\,\ sent-retransmitted-packets\=\(guint64\)151\,\ round-trip-time\=\(guint64\)0\;", "rist/x-sender-session-stats\,\ session-id\=\(int\)2\,\ sent-original-packets\=\(guint64\)3185\,\ sent-retransmitted-packets\=\(guint64\)76\,\ round-trip-time\=\(guint64\)0\;", "rist/x-sender-session-stats\,\ session-id\=\(int\)3\,\ sent-original-packets\=\(guint64\)2846\,\ sent-retransmitted-packets\=\(guint64\)55\,\ round-trip-time\=\(guint64\)0\;" >;
ristsink0: rist/x-sender-stats, sent-original-packets=(guint64)14812, sent-retransmitted-packets=(guint64)477, session-stats=(GValueArray)< "rist/x-sender-session-stats\,\ session-id\=\(int\)0\,\ sent-original-packets\=\(guint64\)4769\,\ sent-retransmitted-packets\=\(guint64\)194\,\ round-trip-time\=\(guint64\)0\;", "rist/x-sender-session-stats\,\ session-id\=\(int\)1\,\ sent-original-packets\=\(guint64\)3961\,\ sent-retransmitted-packets\=\(guint64\)151\,\ round-trip-time\=\(guint64\)0\;", "rist/x-sender-session-stats\,\ session-id\=\(int\)2\,\ sent-original-packets\=\(guint64\)3212\,\ sent-retransmitted-packets\=\(guint64\)77\,\ round-trip-time\=\(guint64\)0\;", "rist/x-sender-session-stats\,\ session-id\=\(int\)3\,\ sent-original-packets\=\(guint64\)2870\,\ sent-retransmitted-packets\=\(guint64\)55\,\ round-trip-time\=\(guint64\)0\;" >;
weights update: [0.3013818960663932, 0.31515376464615674, 0.20218272829842843, 0.1812816109890216]
ristsink0: rist/x-sender-stats, sent-original-packets=(guint64)14945, sent-retransmitted-packets=(guint64)483, session-stats=(GValueArray)< "rist/x-sender-session-stats\,\ session-id\=\(int\)0\,\ sent-original-packets\=\(guint64\)4813\,\ sent-retransmitted-packets\=\(guint64\)196\,\ round-trip-time\=\(guint64\)0\;", "rist/x-sender-session-stats\,\ session-id\=\(int\)1\,\ sent-original-packets\=\(guint64\)3999\,\ sent-retransmitted-packets\=\(guint64\)153\,\ round-trip-time\=\(guint64\)0\;", "rist/x-sender-session-stats\,\ session-id\=\(int\)2\,\ sent-original-packets\=\(guint64\)3240\,\ sent-retransmitted-packets\=\(guint64\)78\,\ round-trip-time\=\(guint64\)0\;", "rist/x-sender-session-stats\,\ session-id\=\(int\)3\,\ sent-original-packets\=\(guint64\)2893\,\ sent-retransmitted-packets\=\(guint64\)56\,\ round-trip-time\=\(guint64\)0\;" >;
ristsink0: rist/x-sender-stats, sent-original-packets=(guint64)15050, sent-retransmitted-packets=(guint64)488, session-stats=(GValueArray)< "rist/x-sender-session-stats\,\ session-id\=\(int\)0\,\ sent-original-packets\=\(guint64\)4850\,\ sent-retransmitted-packets\=\(guint64\)196\,\ round-trip-time\=\(guint64\)0\;", "rist/x-sender-session-stats\,\ session-id\=\(int\)1\,\ sent-original-packets\=\(guint64\)4032\,\ sent-retransmitted-packets\=\(guint64\)158\,\ round-trip-time\=\(guint64\)0\;", "rist/x-sender-session-stats\,\ session-id\=\(int\)2\,\ sent-original-packets\=\(guint64\)3258\,\ sent-retransmitted-packets\=\(guint64\)78\,\ round-trip-time\=\(guint64\)0\;", "rist/x-sender-session-stats\,\ session-id\=\(int\)3\,\ sent-original-packets\=\(guint64\)2910\,\ sent-retransmitted-packets\=\(guint64\)56\,\ round-trip-time\=\(guint64\)0\;" >;
weights update: [0.31099745428727466, 0.2882122507326849, 0.21913553465678845, 0.18165476032325212]
ristsink0: rist/x-sender-stats, sent-original-packets=(guint64)15171, sent-retransmitted-packets=(guint64)491, session-stats=(GValueArray)< "rist/x-sender-session-stats\,\ session-id\=\(int\)0\,\ sent-original-packets\=\(guint64\)4887\,\ sent-retransmitted-packets\=\(guint64\)197\,\ round-trip-time\=\(guint64\)0\;", "rist/x-sender-session-stats\,\ session-id\=\(int\)1\,\ sent-original-packets\=\(guint64\)4070\,\ sent-retransmitted-packets\=\(guint64\)158\,\ round-trip-time\=\(guint64\)0\;", "rist/x-sender-session-stats\,\ session-id\=\(int\)2\,\ sent-original-packets\=\(guint64\)3283\,\ sent-retransmitted-packets\=\(guint64\)80\,\ round-trip-time\=\(guint64\)0\;", "rist/x-sender-session-stats\,\ session-id\=\(int\)3\,\ sent-original-packets\=\(guint64\)2931\,\ sent-retransmitted-packets\=\(guint64\)56\,\ round-trip-time\=\(guint64\)0\;" >;
ristsink0: rist/x-sender-stats, sent-original-packets=(guint64)15294, sent-retransmitted-packets=(guint64)491, session-stats=(GValueArray)< "rist/x-sender-session-stats\,\ session-id\=\(int\)0\,\ sent-original-packets\=\(guint64\)4925\,\ sent-retransmitted-packets\=\(guint64\)197\,\ round-trip-time\=\(guint64\)0\;", "rist/x-sender-session-stats\,\ session-id\=\(int\)1\,\ sent-original-packets\=\(guint64\)4109\,\ sent-retransmitted-packets\=\(guint64\)158\,\ round-trip-time\=\(guint64\)0\;", "rist/x-sender-session-stats\,\ session-id\=\(int\)2\,\ sent-original-packets\=\(guint64\)3309\,\ sent-retransmitted-packets\=\(guint64\)80\,\ round-trip-time\=\(guint64\)0\;", "rist/x-sender-session-stats\,\ session-id\=\(int\)3\,\ sent-original-packets\=\(guint64\)2951\,\ sent-retransmitted-packets\=\(guint64\)56\,\ round-trip-time\=\(guint64\)0\;" >;
weights update: [0.30900559084779367, 0.28931343537789456, 0.20421717513732895, 0.19746379863698288]
ristsink0: rist/x-sender-stats, sent-original-packets=(guint64)15417, sent-retransmitted-packets=(guint64)491, session-stats=(GValueArray)< "rist/x-sender-session-stats\,\ session-id\=\(int\)0\,\ sent-original-packets\=\(guint64\)4966\,\ sent-retransmitted-packets\=\(guint64\)197\,\ round-trip-time\=\(guint64\)0\;", "rist/x-sender-session-stats\,\ session-id\=\(int\)1\,\ sent-original-packets\=\(guint64\)4144\,\ sent-retransmitted-packets\=\(guint64\)158\,\ round-trip-time\=\(guint64\)0\;", "rist/x-sender-session-stats\,\ session-id\=\(int\)2\,\ sent-original-packets\=\(guint64\)3334\,\ sent-retransmitted-packets\=\(guint64\)80\,\ round-trip-time\=\(guint64\)0\;", "rist/x-sender-session-stats\,\ session-id\=\(int\)3\,\ sent-original-packets\=\(guint64\)2973\,\ sent-retransmitted-packets\=\(guint64\)56\,\ round-trip-time\=\(guint64\)0\;" >;
ristsink0: rist/x-sender-stats, sent-original-packets=(guint64)15546, sent-retransmitted-packets=(guint64)491, session-stats=(GValueArray)< "rist/x-sender-session-stats\,\ session-id\=\(int\)0\,\ sent-original-packets\=\(guint64\)5007\,\ sent-retransmitted-packets\=\(guint64\)197\,\ round-trip-time\=\(guint64\)0\;", "rist/x-sender-session-stats\,\ session-id\=\(int\)1\,\ sent-original-packets\=\(guint64\)4182\,\ sent-retransmitted-packets\=\(guint64\)158\,\ round-trip-time\=\(guint64\)0\;", "rist/x-sender-session-stats\,\ session-id\=\(int\)2\,\ sent-original-packets\=\(guint64\)3360\,\ sent-retransmitted-packets\=\(guint64\)80\,\ round-trip-time\=\(guint64\)0\;", "rist/x-sender-session-stats\,\ session-id\=\(int\)3\,\ sent-original-packets\=\(guint64\)2997\,\ sent-retransmitted-packets\=\(guint64\)56\,\ round-trip-time\=\(guint64\)0\;" >;
0:01:02.205674190 92710 0x7f1fac25ae50 WARN              rtpsession rtpsession.c:4082:session_nack: Removing 1 expired NACKS
0:01:02.224423036 92710 0x7f1fac30f680 WARN              rtpsession rtpsession.c:4082:session_nack: Removing 2 expired NACKS
0:01:02.227452502 92710 0x7f1fac30f400 WARN              rtpsession rtpsession.c:4082:session_nack: Removing 2 expired NACKS
0:01:02.283247488 92710 0x7f1fac25aa90 WARN              rtpsession rtpsession.c:4082:session_nack: Removing 2 expired NACKS
0:01:02.309960301 92710 0x7f1fac25ae50 WARN              rtpsession rtpsession.c:4082:session_nack: Removing 1 expired NACKS
0:01:02.402294821 92710 0x7f1fac25ae50 WARN              rtpsession rtpsession.c:4082:session_nack: Removing 1 expired NACKS
0:01:02.412637065 92710 0x7f1fac25aa90 WARN              rtpsession rtpsession.c:4082:session_nack: Removing 1 expired NACKS
0:01:02.423021920 92710 0x7f1fac30f400 WARN              rtpsession rtpsession.c:4082:session_nack: Removing 1 expired NACKS
0:01:02.424239798 92710 0x7f1fac30f680 WARN              rtpsession rtpsession.c:4082:session_nack: Removing 1 expired NACKS
weights update: [0.3403578003285747, 0.27943451211528475, 0.1983640103873185, 0.1818436771688221]
0:01:02.624374269 92710 0x7f1fac30f680 WARN              rtpsession rtpsession.c:4082:session_nack: Removing 1 expired NACKS
0:01:02.626498517 92710 0x7f1fac25ae50 WARN              rtpsession rtpsession.c:4082:session_nack: Removing 1 expired NACKS
ristsink0: rist/x-sender-stats, sent-original-packets=(guint64)15669, sent-retransmitted-packets=(guint64)491, session-stats=(GValueArray)< "rist/x-sender-session-stats\,\ session-id\=\(int\)0\,\ sent-original-packets\=\(guint64\)5048\,\ sent-retransmitted-packets\=\(guint64\)197\,\ round-trip-time\=\(guint64\)0\;", "rist/x-sender-session-stats\,\ session-id\=\(int\)1\,\ sent-original-packets\=\(guint64\)4217\,\ sent-retransmitted-packets\=\(guint64\)158\,\ round-trip-time\=\(guint64\)0\;", "rist/x-sender-session-stats\,\ session-id\=\(int\)2\,\ sent-original-packets\=\(guint64\)3385\,\ sent-retransmitted-packets\=\(guint64\)80\,\ round-trip-time\=\(guint64\)0\;", "rist/x-sender-session-stats\,\ session-id\=\(int\)3\,\ sent-original-packets\=\(guint64\)3019\,\ sent-retransmitted-packets\=\(guint64\)56\,\ round-trip-time\=\(guint64\)0\;" >;
0:01:02.655219309 92710 0x7f1fac30f400 WARN              rtpsession rtpsession.c:4082:session_nack: Removing 1 expired NACKS
0:01:02.677905364 92710 0x7f1fac25aa90 WARN              rtpsession rtpsession.c:4082:session_nack: Removing 1 expired NACKS
0:01:02.834158769 92710 0x7f1fac30f680 WARN              rtpsession rtpsession.c:4082:session_nack: Removing 1 expired NACKS
0:01:02.836276876 92710 0x7f1fac30f400 WARN              rtpsession rtpsession.c:4082:session_nack: Removing 1 expired NACKS
0:01:02.857159668 92710 0x7f1fac25ae50 WARN              rtpsession rtpsession.c:4082:session_nack: Removing 3 expired NACKS
0:01:02.871544660 92710 0x7f1fac25aa90 WARN              rtpsession rtpsession.c:4082:session_nack: Removing 3 expired NACKS
0:01:02.874071007 92710 0x7f1fac30f400 WARN              rtpsession rtpsession.c:4082:session_nack: Removing 2 expired NACKS
0:01:02.894203764 92710 0x7f1fac30f680 WARN              rtpsession rtpsession.c:4082:session_nack: Removing 2 expired NACKS
0:01:03.501112412 92710 0x7f1fac308280 WARN                 GST_BUS gstbus.c:387:gst_bus_post:<bus7> queue overflows with 2048 messages. Application is too slow or is not handling messages. Please add a message handler, otherwise the queue will grow infinitely.
expected fractions (capacity): [0.45454545454545453, 0.3181818181818182, 0.1590909090909091, 0.06818181818181818]
final weights:              [0.3403578003285747, 0.27943451211528475, 0.1983640103873185, 0.1818436771688221]
avg(last 10):               [0.3160727781197424, 0.2868971768672888, 0.20901388599511067, 0.18801615901785845]
empirical fractions (cumulative packet share): [0.322196008416757, 0.2691449340049735, 0.2159663329720079, 0.19269272460626155]
recent empirical fractions (last 10 samples): [0.32148626817447495, 0.2988691437802908, 0.2035541195476575, 0.17609046849757673]
link0: avg=0.316 target=0.321 err=0.005
link1: avg=0.287 target=0.299 err=0.012
link2: avg=0.209 target=0.204 err=0.005
link3: avg=0.188 target=0.176 err=0.012
ok

test result: ok. 1 passed; 0 failed; 0 ignored; 0 measured; 0 filtered out; finished in 63.65s

